RAM Allocation [bytes]
Variable                                                                          Address   Size
------------------------------------------------------------------------------------------------
SegNum                                                                            0x0300      10

EEPROM Allocation [bytes]
Variable                                                                          Address   Size
------------------------------------------------------------------------------------------------

Register Allocation
Variable                                                                          Register  Size
------------------------------------------------------------------------------------------------
tmp1                                                                              R4           1
tmp2                                                                              R3           1
tmp3                                                                              R6           1

FLASH Allocation [words]
Function                                                                          Address   Size
------------------------------------------------------------------------------------------------
main                                                                              0x00075     87
Display                                                                           0x000CC     54
Display_Configuration                                                             0x00102     37
spi                                                                               0x00127      9
