
AVRASM ver. 2.1.30  C:\Users\Sbzrgn\Desktop\Relay Controller and 7Segment for Thermostat Proteus\Relay-Controller-and-7Segment-for-Thermostat-CodeVision\Debug\List\RelayController.asm Wed Mar 08 16:27:41 2023

C:\Users\Sbzrgn\Desktop\Relay Controller and 7Segment for Thermostat Proteus\Relay-Controller-and-7Segment-for-Thermostat-CodeVision\Debug\List\RelayController.asm(1090): warning: Register r4 already defined by the .DEF directive
C:\Users\Sbzrgn\Desktop\Relay Controller and 7Segment for Thermostat Proteus\Relay-Controller-and-7Segment-for-Thermostat-CodeVision\Debug\List\RelayController.asm(1091): warning: Register r3 already defined by the .DEF directive
C:\Users\Sbzrgn\Desktop\Relay Controller and 7Segment for Thermostat Proteus\Relay-Controller-and-7Segment-for-Thermostat-CodeVision\Debug\List\RelayController.asm(1092): warning: Register r6 already defined by the .DEF directive
C:\Users\Sbzrgn\Desktop\Relay Controller and 7Segment for Thermostat Proteus\Relay-Controller-and-7Segment-for-Thermostat-CodeVision\Debug\List\RelayController.asm(1093): warning: Register r5 already defined by the .DEF directive
C:\Users\Sbzrgn\Desktop\Relay Controller and 7Segment for Thermostat Proteus\Relay-Controller-and-7Segment-for-Thermostat-CodeVision\Debug\List\RelayController.asm(1094): warning: Register r7 already defined by the .DEF directive
C:\Users\Sbzrgn\Desktop\Relay Controller and 7Segment for Thermostat Proteus\Relay-Controller-and-7Segment-for-Thermostat-CodeVision\Debug\List\RelayController.asm(1095): warning: Register r8 already defined by the .DEF directive
C:\Users\Sbzrgn\Desktop\Relay Controller and 7Segment for Thermostat Proteus\Relay-Controller-and-7Segment-for-Thermostat-CodeVision\Debug\List\RelayController.asm(1096): warning: Register r10 already defined by the .DEF directive
C:\Users\Sbzrgn\Desktop\Relay Controller and 7Segment for Thermostat Proteus\Relay-Controller-and-7Segment-for-Thermostat-CodeVision\Debug\List\RelayController.asm(1097): warning: Register r9 already defined by the .DEF directive
C:\Users\Sbzrgn\Desktop\Relay Controller and 7Segment for Thermostat Proteus\Relay-Controller-and-7Segment-for-Thermostat-CodeVision\Debug\List\RelayController.asm(1098): warning: Register r11 already defined by the .DEF directive
C:\Users\Sbzrgn\Desktop\Relay Controller and 7Segment for Thermostat Proteus\Relay-Controller-and-7Segment-for-Thermostat-CodeVision\Debug\List\RelayController.asm(1099): warning: Register r12 already defined by the .DEF directive
C:\Users\Sbzrgn\Desktop\Relay Controller and 7Segment for Thermostat Proteus\Relay-Controller-and-7Segment-for-Thermostat-CodeVision\Debug\List\RelayController.asm(1100): warning: Register r14 already defined by the .DEF directive
C:\Users\Sbzrgn\Desktop\Relay Controller and 7Segment for Thermostat Proteus\Relay-Controller-and-7Segment-for-Thermostat-CodeVision\Debug\List\RelayController.asm(1101): warning: Register r13 already defined by the .DEF directive
                 
                 
                 ;CodeVisionAVR C Compiler V3.12 Advanced
                 ;(C) Copyright 1998-2014 Pavel Haiduc, HP InfoTech s.r.l.
                 ;http://www.hpinfotech.com
                 
                 ;Build configuration    : Debug
                 ;Chip type              : ATmega328P
                 ;Program type           : Application
                 ;Clock frequency        : 1.000000 MHz
                 ;Memory model           : Small
                 ;Optimize for           : Size
                 ;(s)printf features     : int, width
                 ;(s)scanf features      : int, width
                 ;External RAM size      : 0
                 ;Data Stack size        : 512 byte(s)
                 ;Heap size              : 0 byte(s)
                 ;Promote 'char' to 'int': Yes
                 ;'char' is unsigned     : Yes
                 ;8 bit enums            : Yes
                 ;Global 'const' stored in FLASH: Yes
                 ;Enhanced function parameter passing: Yes
                 ;Enhanced core instructions: On
                 ;Automatic register allocation for global variables: On
                 ;Smart register allocation: On
                 
                 	#define _MODEL_SMALL_
                 
                 	#pragma AVRPART ADMIN PART_NAME ATmega328P
                 	#pragma AVRPART MEMORY PROG_FLASH 32768
                 	#pragma AVRPART MEMORY EEPROM 1024
                 	#pragma AVRPART MEMORY INT_SRAM SIZE 2048
                 	#pragma AVRPART MEMORY INT_SRAM START_ADDR 0x100
                 
                 	#define CALL_SUPPORTED 1
                 
                 	.LISTMAC
                 	.EQU EERE=0x0
                 	.EQU EEWE=0x1
                 	.EQU EEMWE=0x2
                 	.EQU UDRE=0x5
                 	.EQU RXC=0x7
                 	.EQU EECR=0x1F
                 	.EQU EEDR=0x20
                 	.EQU EEARL=0x21
                 	.EQU EEARH=0x22
                 	.EQU SPSR=0x2D
                 	.EQU SPDR=0x2E
                 	.EQU SMCR=0x33
                 	.EQU MCUSR=0x34
                 	.EQU MCUCR=0x35
                 	.EQU WDTCSR=0x60
                 	.EQU UCSR0A=0xC0
                 	.EQU UDR0=0xC6
                 	.EQU SPL=0x3D
                 	.EQU SPH=0x3E
                 	.EQU SREG=0x3F
                 	.EQU GPIOR0=0x1E
                 
                 	.DEF R0X0=R0
                 	.DEF R0X1=R1
                 	.DEF R0X2=R2
                 	.DEF R0X3=R3
                 	.DEF R0X4=R4
                 	.DEF R0X5=R5
                 	.DEF R0X6=R6
                 	.DEF R0X7=R7
                 	.DEF R0X8=R8
                 	.DEF R0X9=R9
                 	.DEF R0XA=R10
                 	.DEF R0XB=R11
                 	.DEF R0XC=R12
                 	.DEF R0XD=R13
                 	.DEF R0XE=R14
                 	.DEF R0XF=R15
                 	.DEF R0X10=R16
                 	.DEF R0X11=R17
                 	.DEF R0X12=R18
                 	.DEF R0X13=R19
                 	.DEF R0X14=R20
                 	.DEF R0X15=R21
                 	.DEF R0X16=R22
                 	.DEF R0X17=R23
                 	.DEF R0X18=R24
                 	.DEF R0X19=R25
                 	.DEF R0X1A=R26
                 	.DEF R0X1B=R27
                 	.DEF R0X1C=R28
                 	.DEF R0X1D=R29
                 	.DEF R0X1E=R30
                 	.DEF R0X1F=R31
                 
                 	.EQU __SRAM_START=0x0100
                 	.EQU __SRAM_END=0x08FF
                 	.EQU __DSTACK_SIZE=0x0200
                 	.EQU __HEAP_SIZE=0x0000
                 	.EQU __CLEAR_SRAM_SIZE=__SRAM_END-__SRAM_START+1
                 
                 	.MACRO __CPD1N
                 	CPI  R30,LOW(@0)
                 	LDI  R26,HIGH(@0)
                 	CPC  R31,R26
                 	LDI  R26,BYTE3(@0)
                 	CPC  R22,R26
                 	LDI  R26,BYTE4(@0)
                 	CPC  R23,R26
                 	.ENDM
                 
                 	.MACRO __CPD2N
                 	CPI  R26,LOW(@0)
                 	LDI  R30,HIGH(@0)
                 	CPC  R27,R30
                 	LDI  R30,BYTE3(@0)
                 	CPC  R24,R30
                 	LDI  R30,BYTE4(@0)
                 	CPC  R25,R30
                 	.ENDM
                 
                 	.MACRO __CPWRR
                 	CP   R@0,R@2
                 	CPC  R@1,R@3
                 	.ENDM
                 
                 	.MACRO __CPWRN
                 	CPI  R@0,LOW(@2)
                 	LDI  R30,HIGH(@2)
                 	CPC  R@1,R30
                 	.ENDM
                 
                 	.MACRO __ADDB1MN
                 	SUBI R30,LOW(-@0-(@1))
                 	.ENDM
                 
                 	.MACRO __ADDB2MN
                 	SUBI R26,LOW(-@0-(@1))
                 	.ENDM
                 
                 	.MACRO __ADDW1MN
                 	SUBI R30,LOW(-@0-(@1))
                 	SBCI R31,HIGH(-@0-(@1))
                 	.ENDM
                 
                 	.MACRO __ADDW2MN
                 	SUBI R26,LOW(-@0-(@1))
                 	SBCI R27,HIGH(-@0-(@1))
                 	.ENDM
                 
                 	.MACRO __ADDW1FN
                 	SUBI R30,LOW(-2*@0-(@1))
                 	SBCI R31,HIGH(-2*@0-(@1))
                 	.ENDM
                 
                 	.MACRO __ADDD1FN
                 	SUBI R30,LOW(-2*@0-(@1))
                 	SBCI R31,HIGH(-2*@0-(@1))
                 	SBCI R22,BYTE3(-2*@0-(@1))
                 	.ENDM
                 
                 	.MACRO __ADDD1N
                 	SUBI R30,LOW(-@0)
                 	SBCI R31,HIGH(-@0)
                 	SBCI R22,BYTE3(-@0)
                 	SBCI R23,BYTE4(-@0)
                 	.ENDM
                 
                 	.MACRO __ADDD2N
                 	SUBI R26,LOW(-@0)
                 	SBCI R27,HIGH(-@0)
                 	SBCI R24,BYTE3(-@0)
                 	SBCI R25,BYTE4(-@0)
                 	.ENDM
                 
                 	.MACRO __SUBD1N
                 	SUBI R30,LOW(@0)
                 	SBCI R31,HIGH(@0)
                 	SBCI R22,BYTE3(@0)
                 	SBCI R23,BYTE4(@0)
                 	.ENDM
                 
                 	.MACRO __SUBD2N
                 	SUBI R26,LOW(@0)
                 	SBCI R27,HIGH(@0)
                 	SBCI R24,BYTE3(@0)
                 	SBCI R25,BYTE4(@0)
                 	.ENDM
                 
                 	.MACRO __ANDBMNN
                 	LDS  R30,@0+(@1)
                 	ANDI R30,LOW(@2)
                 	STS  @0+(@1),R30
                 	.ENDM
                 
                 	.MACRO __ANDWMNN
                 	LDS  R30,@0+(@1)
                 	ANDI R30,LOW(@2)
                 	STS  @0+(@1),R30
                 	LDS  R30,@0+(@1)+1
                 	ANDI R30,HIGH(@2)
                 	STS  @0+(@1)+1,R30
                 	.ENDM
                 
                 	.MACRO __ANDD1N
                 	ANDI R30,LOW(@0)
                 	ANDI R31,HIGH(@0)
                 	ANDI R22,BYTE3(@0)
                 	ANDI R23,BYTE4(@0)
                 	.ENDM
                 
                 	.MACRO __ANDD2N
                 	ANDI R26,LOW(@0)
                 	ANDI R27,HIGH(@0)
                 	ANDI R24,BYTE3(@0)
                 	ANDI R25,BYTE4(@0)
                 	.ENDM
                 
                 	.MACRO __ORBMNN
                 	LDS  R30,@0+(@1)
                 	ORI  R30,LOW(@2)
                 	STS  @0+(@1),R30
                 	.ENDM
                 
                 	.MACRO __ORWMNN
                 	LDS  R30,@0+(@1)
                 	ORI  R30,LOW(@2)
                 	STS  @0+(@1),R30
                 	LDS  R30,@0+(@1)+1
                 	ORI  R30,HIGH(@2)
                 	STS  @0+(@1)+1,R30
                 	.ENDM
                 
                 	.MACRO __ORD1N
                 	ORI  R30,LOW(@0)
                 	ORI  R31,HIGH(@0)
                 	ORI  R22,BYTE3(@0)
                 	ORI  R23,BYTE4(@0)
                 	.ENDM
                 
                 	.MACRO __ORD2N
                 	ORI  R26,LOW(@0)
                 	ORI  R27,HIGH(@0)
                 	ORI  R24,BYTE3(@0)
                 	ORI  R25,BYTE4(@0)
                 	.ENDM
                 
                 	.MACRO __DELAY_USB
                 	LDI  R24,LOW(@0)
                 __DELAY_USB_LOOP:
                 	DEC  R24
                 	BRNE __DELAY_USB_LOOP
                 	.ENDM
                 
                 	.MACRO __DELAY_USW
                 	LDI  R24,LOW(@0)
                 	LDI  R25,HIGH(@0)
                 __DELAY_USW_LOOP:
                 	SBIW R24,1
                 	BRNE __DELAY_USW_LOOP
                 	.ENDM
                 
                 	.MACRO __GETD1S
                 	LDD  R30,Y+@0
                 	LDD  R31,Y+@0+1
                 	LDD  R22,Y+@0+2
                 	LDD  R23,Y+@0+3
                 	.ENDM
                 
                 	.MACRO __GETD2S
                 	LDD  R26,Y+@0
                 	LDD  R27,Y+@0+1
                 	LDD  R24,Y+@0+2
                 	LDD  R25,Y+@0+3
                 	.ENDM
                 
                 	.MACRO __PUTD1S
                 	STD  Y+@0,R30
                 	STD  Y+@0+1,R31
                 	STD  Y+@0+2,R22
                 	STD  Y+@0+3,R23
                 	.ENDM
                 
                 	.MACRO __PUTD2S
                 	STD  Y+@0,R26
                 	STD  Y+@0+1,R27
                 	STD  Y+@0+2,R24
                 	STD  Y+@0+3,R25
                 	.ENDM
                 
                 	.MACRO __PUTDZ2
                 	STD  Z+@0,R26
                 	STD  Z+@0+1,R27
                 	STD  Z+@0+2,R24
                 	STD  Z+@0+3,R25
                 	.ENDM
                 
                 	.MACRO __CLRD1S
                 	STD  Y+@0,R30
                 	STD  Y+@0+1,R30
                 	STD  Y+@0+2,R30
                 	STD  Y+@0+3,R30
                 	.ENDM
                 
                 	.MACRO __POINTB1MN
                 	LDI  R30,LOW(@0+(@1))
                 	.ENDM
                 
                 	.MACRO __POINTW1MN
                 	LDI  R30,LOW(@0+(@1))
                 	LDI  R31,HIGH(@0+(@1))
                 	.ENDM
                 
                 	.MACRO __POINTD1M
                 	LDI  R30,LOW(@0)
                 	LDI  R31,HIGH(@0)
                 	LDI  R22,BYTE3(@0)
                 	LDI  R23,BYTE4(@0)
                 	.ENDM
                 
                 	.MACRO __POINTW1FN
                 	LDI  R30,LOW(2*@0+(@1))
                 	LDI  R31,HIGH(2*@0+(@1))
                 	.ENDM
                 
                 	.MACRO __POINTD1FN
                 	LDI  R30,LOW(2*@0+(@1))
                 	LDI  R31,HIGH(2*@0+(@1))
                 	LDI  R22,BYTE3(2*@0+(@1))
                 	LDI  R23,BYTE4(2*@0+(@1))
                 	.ENDM
                 
                 	.MACRO __POINTB2MN
                 	LDI  R26,LOW(@0+(@1))
                 	.ENDM
                 
                 	.MACRO __POINTW2MN
                 	LDI  R26,LOW(@0+(@1))
                 	LDI  R27,HIGH(@0+(@1))
                 	.ENDM
                 
                 	.MACRO __POINTW2FN
                 	LDI  R26,LOW(2*@0+(@1))
                 	LDI  R27,HIGH(2*@0+(@1))
                 	.ENDM
                 
                 	.MACRO __POINTD2FN
                 	LDI  R26,LOW(2*@0+(@1))
                 	LDI  R27,HIGH(2*@0+(@1))
                 	LDI  R24,BYTE3(2*@0+(@1))
                 	LDI  R25,BYTE4(2*@0+(@1))
                 	.ENDM
                 
                 	.MACRO __POINTBRM
                 	LDI  R@0,LOW(@1)
                 	.ENDM
                 
                 	.MACRO __POINTWRM
                 	LDI  R@0,LOW(@2)
                 	LDI  R@1,HIGH(@2)
                 	.ENDM
                 
                 	.MACRO __POINTBRMN
                 	LDI  R@0,LOW(@1+(@2))
                 	.ENDM
                 
                 	.MACRO __POINTWRMN
                 	LDI  R@0,LOW(@2+(@3))
                 	LDI  R@1,HIGH(@2+(@3))
                 	.ENDM
                 
                 	.MACRO __POINTWRFN
                 	LDI  R@0,LOW(@2*2+(@3))
                 	LDI  R@1,HIGH(@2*2+(@3))
                 	.ENDM
                 
                 	.MACRO __GETD1N
                 	LDI  R30,LOW(@0)
                 	LDI  R31,HIGH(@0)
                 	LDI  R22,BYTE3(@0)
                 	LDI  R23,BYTE4(@0)
                 	.ENDM
                 
                 	.MACRO __GETD2N
                 	LDI  R26,LOW(@0)
                 	LDI  R27,HIGH(@0)
                 	LDI  R24,BYTE3(@0)
                 	LDI  R25,BYTE4(@0)
                 	.ENDM
                 
                 	.MACRO __GETB1MN
                 	LDS  R30,@0+(@1)
                 	.ENDM
                 
                 	.MACRO __GETB1HMN
                 	LDS  R31,@0+(@1)
                 	.ENDM
                 
                 	.MACRO __GETW1MN
                 	LDS  R30,@0+(@1)
                 	LDS  R31,@0+(@1)+1
                 	.ENDM
                 
                 	.MACRO __GETD1MN
                 	LDS  R30,@0+(@1)
                 	LDS  R31,@0+(@1)+1
                 	LDS  R22,@0+(@1)+2
                 	LDS  R23,@0+(@1)+3
                 	.ENDM
                 
                 	.MACRO __GETBRMN
                 	LDS  R@0,@1+(@2)
                 	.ENDM
                 
                 	.MACRO __GETWRMN
                 	LDS  R@0,@2+(@3)
                 	LDS  R@1,@2+(@3)+1
                 	.ENDM
                 
                 	.MACRO __GETWRZ
                 	LDD  R@0,Z+@2
                 	LDD  R@1,Z+@2+1
                 	.ENDM
                 
                 	.MACRO __GETD2Z
                 	LDD  R26,Z+@0
                 	LDD  R27,Z+@0+1
                 	LDD  R24,Z+@0+2
                 	LDD  R25,Z+@0+3
                 	.ENDM
                 
                 	.MACRO __GETB2MN
                 	LDS  R26,@0+(@1)
                 	.ENDM
                 
                 	.MACRO __GETW2MN
                 	LDS  R26,@0+(@1)
                 	LDS  R27,@0+(@1)+1
                 	.ENDM
                 
                 	.MACRO __GETD2MN
                 	LDS  R26,@0+(@1)
                 	LDS  R27,@0+(@1)+1
                 	LDS  R24,@0+(@1)+2
                 	LDS  R25,@0+(@1)+3
                 	.ENDM
                 
                 	.MACRO __PUTB1MN
                 	STS  @0+(@1),R30
                 	.ENDM
                 
                 	.MACRO __PUTW1MN
                 	STS  @0+(@1),R30
                 	STS  @0+(@1)+1,R31
                 	.ENDM
                 
                 	.MACRO __PUTD1MN
                 	STS  @0+(@1),R30
                 	STS  @0+(@1)+1,R31
                 	STS  @0+(@1)+2,R22
                 	STS  @0+(@1)+3,R23
                 	.ENDM
                 
                 	.MACRO __PUTB1EN
                 	LDI  R26,LOW(@0+(@1))
                 	LDI  R27,HIGH(@0+(@1))
                 	CALL __EEPROMWRB
                 	.ENDM
                 
                 	.MACRO __PUTW1EN
                 	LDI  R26,LOW(@0+(@1))
                 	LDI  R27,HIGH(@0+(@1))
                 	CALL __EEPROMWRW
                 	.ENDM
                 
                 	.MACRO __PUTD1EN
                 	LDI  R26,LOW(@0+(@1))
                 	LDI  R27,HIGH(@0+(@1))
                 	CALL __EEPROMWRD
                 	.ENDM
                 
                 	.MACRO __PUTBR0MN
                 	STS  @0+(@1),R0
                 	.ENDM
                 
                 	.MACRO __PUTBMRN
                 	STS  @0+(@1),R@2
                 	.ENDM
                 
                 	.MACRO __PUTWMRN
                 	STS  @0+(@1),R@2
                 	STS  @0+(@1)+1,R@3
                 	.ENDM
                 
                 	.MACRO __PUTBZR
                 	STD  Z+@1,R@0
                 	.ENDM
                 
                 	.MACRO __PUTWZR
                 	STD  Z+@2,R@0
                 	STD  Z+@2+1,R@1
                 	.ENDM
                 
                 	.MACRO __GETW1R
                 	MOV  R30,R@0
                 	MOV  R31,R@1
                 	.ENDM
                 
                 	.MACRO __GETW2R
                 	MOV  R26,R@0
                 	MOV  R27,R@1
                 	.ENDM
                 
                 	.MACRO __GETWRN
                 	LDI  R@0,LOW(@2)
                 	LDI  R@1,HIGH(@2)
                 	.ENDM
                 
                 	.MACRO __PUTW1R
                 	MOV  R@0,R30
                 	MOV  R@1,R31
                 	.ENDM
                 
                 	.MACRO __PUTW2R
                 	MOV  R@0,R26
                 	MOV  R@1,R27
                 	.ENDM
                 
                 	.MACRO __ADDWRN
                 	SUBI R@0,LOW(-@2)
                 	SBCI R@1,HIGH(-@2)
                 	.ENDM
                 
                 	.MACRO __ADDWRR
                 	ADD  R@0,R@2
                 	ADC  R@1,R@3
                 	.ENDM
                 
                 	.MACRO __SUBWRN
                 	SUBI R@0,LOW(@2)
                 	SBCI R@1,HIGH(@2)
                 	.ENDM
                 
                 	.MACRO __SUBWRR
                 	SUB  R@0,R@2
                 	SBC  R@1,R@3
                 	.ENDM
                 
                 	.MACRO __ANDWRN
                 	ANDI R@0,LOW(@2)
                 	ANDI R@1,HIGH(@2)
                 	.ENDM
                 
                 	.MACRO __ANDWRR
                 	AND  R@0,R@2
                 	AND  R@1,R@3
                 	.ENDM
                 
                 	.MACRO __ORWRN
                 	ORI  R@0,LOW(@2)
                 	ORI  R@1,HIGH(@2)
                 	.ENDM
                 
                 	.MACRO __ORWRR
                 	OR   R@0,R@2
                 	OR   R@1,R@3
                 	.ENDM
                 
                 	.MACRO __EORWRR
                 	EOR  R@0,R@2
                 	EOR  R@1,R@3
                 	.ENDM
                 
                 	.MACRO __GETWRS
                 	LDD  R@0,Y+@2
                 	LDD  R@1,Y+@2+1
                 	.ENDM
                 
                 	.MACRO __PUTBSR
                 	STD  Y+@1,R@0
                 	.ENDM
                 
                 	.MACRO __PUTWSR
                 	STD  Y+@2,R@0
                 	STD  Y+@2+1,R@1
                 	.ENDM
                 
                 	.MACRO __MOVEWRR
                 	MOV  R@0,R@2
                 	MOV  R@1,R@3
                 	.ENDM
                 
                 	.MACRO __INWR
                 	IN   R@0,@2
                 	IN   R@1,@2+1
                 	.ENDM
                 
                 	.MACRO __OUTWR
                 	OUT  @2+1,R@1
                 	OUT  @2,R@0
                 	.ENDM
                 
                 	.MACRO __CALL1MN
                 	LDS  R30,@0+(@1)
                 	LDS  R31,@0+(@1)+1
                 	ICALL
                 	.ENDM
                 
                 	.MACRO __CALL1FN
                 	LDI  R30,LOW(2*@0+(@1))
                 	LDI  R31,HIGH(2*@0+(@1))
                 	CALL __GETW1PF
                 	ICALL
                 	.ENDM
                 
                 	.MACRO __CALL2EN
                 	PUSH R26
                 	PUSH R27
                 	LDI  R26,LOW(@0+(@1))
                 	LDI  R27,HIGH(@0+(@1))
                 	CALL __EEPROMRDW
                 	POP  R27
                 	POP  R26
                 	ICALL
                 	.ENDM
                 
                 	.MACRO __CALL2EX
                 	SUBI R26,LOW(-@0)
                 	SBCI R27,HIGH(-@0)
                 	CALL __EEPROMRDD
                 	ICALL
                 	.ENDM
                 
                 	.MACRO __GETW1STACK
                 	IN   R30,SPL
                 	IN   R31,SPH
                 	ADIW R30,@0+1
                 	LD   R0,Z+
                 	LD   R31,Z
                 	MOV  R30,R0
                 	.ENDM
                 
                 	.MACRO __GETD1STACK
                 	IN   R30,SPL
                 	IN   R31,SPH
                 	ADIW R30,@0+1
                 	LD   R0,Z+
                 	LD   R1,Z+
                 	LD   R22,Z
                 	MOVW R30,R0
                 	.ENDM
                 
                 	.MACRO __NBST
                 	BST  R@0,@1
                 	IN   R30,SREG
                 	LDI  R31,0x40
                 	EOR  R30,R31
                 	OUT  SREG,R30
                 	.ENDM
                 
                 
                 	.MACRO __PUTB1SN
                 	LDD  R26,Y+@0
                 	LDD  R27,Y+@0+1
                 	SUBI R26,LOW(-@1)
                 	SBCI R27,HIGH(-@1)
                 	ST   X,R30
                 	.ENDM
                 
                 	.MACRO __PUTW1SN
                 	LDD  R26,Y+@0
                 	LDD  R27,Y+@0+1
                 	SUBI R26,LOW(-@1)
                 	SBCI R27,HIGH(-@1)
                 	ST   X+,R30
                 	ST   X,R31
                 	.ENDM
                 
                 	.MACRO __PUTD1SN
                 	LDD  R26,Y+@0
                 	LDD  R27,Y+@0+1
                 	SUBI R26,LOW(-@1)
                 	SBCI R27,HIGH(-@1)
                 	CALL __PUTDP1
                 	.ENDM
                 
                 	.MACRO __PUTB1SNS
                 	LDD  R26,Y+@0
                 	LDD  R27,Y+@0+1
                 	ADIW R26,@1
                 	ST   X,R30
                 	.ENDM
                 
                 	.MACRO __PUTW1SNS
                 	LDD  R26,Y+@0
                 	LDD  R27,Y+@0+1
                 	ADIW R26,@1
                 	ST   X+,R30
                 	ST   X,R31
                 	.ENDM
                 
                 	.MACRO __PUTD1SNS
                 	LDD  R26,Y+@0
                 	LDD  R27,Y+@0+1
                 	ADIW R26,@1
                 	CALL __PUTDP1
                 	.ENDM
                 
                 	.MACRO __PUTB1PMN
                 	LDS  R26,@0
                 	LDS  R27,@0+1
                 	SUBI R26,LOW(-@1)
                 	SBCI R27,HIGH(-@1)
                 	ST   X,R30
                 	.ENDM
                 
                 	.MACRO __PUTW1PMN
                 	LDS  R26,@0
                 	LDS  R27,@0+1
                 	SUBI R26,LOW(-@1)
                 	SBCI R27,HIGH(-@1)
                 	ST   X+,R30
                 	ST   X,R31
                 	.ENDM
                 
                 	.MACRO __PUTD1PMN
                 	LDS  R26,@0
                 	LDS  R27,@0+1
                 	SUBI R26,LOW(-@1)
                 	SBCI R27,HIGH(-@1)
                 	CALL __PUTDP1
                 	.ENDM
                 
                 	.MACRO __PUTB1PMNS
                 	LDS  R26,@0
                 	LDS  R27,@0+1
                 	ADIW R26,@1
                 	ST   X,R30
                 	.ENDM
                 
                 	.MACRO __PUTW1PMNS
                 	LDS  R26,@0
                 	LDS  R27,@0+1
                 	ADIW R26,@1
                 	ST   X+,R30
                 	ST   X,R31
                 	.ENDM
                 
                 	.MACRO __PUTD1PMNS
                 	LDS  R26,@0
                 	LDS  R27,@0+1
                 	ADIW R26,@1
                 	CALL __PUTDP1
                 	.ENDM
                 
                 	.MACRO __PUTB1RN
                 	MOVW R26,R@0
                 	SUBI R26,LOW(-@1)
                 	SBCI R27,HIGH(-@1)
                 	ST   X,R30
                 	.ENDM
                 
                 	.MACRO __PUTW1RN
                 	MOVW R26,R@0
                 	SUBI R26,LOW(-@1)
                 	SBCI R27,HIGH(-@1)
                 	ST   X+,R30
                 	ST   X,R31
                 	.ENDM
                 
                 	.MACRO __PUTD1RN
                 	MOVW R26,R@0
                 	SUBI R26,LOW(-@1)
                 	SBCI R27,HIGH(-@1)
                 	CALL __PUTDP1
                 	.ENDM
                 
                 	.MACRO __PUTB1RNS
                 	MOVW R26,R@0
                 	ADIW R26,@1
                 	ST   X,R30
                 	.ENDM
                 
                 	.MACRO __PUTW1RNS
                 	MOVW R26,R@0
                 	ADIW R26,@1
                 	ST   X+,R30
                 	ST   X,R31
                 	.ENDM
                 
                 	.MACRO __PUTD1RNS
                 	MOVW R26,R@0
                 	ADIW R26,@1
                 	CALL __PUTDP1
                 	.ENDM
                 
                 	.MACRO __PUTB1RON
                 	MOV  R26,R@0
                 	MOV  R27,R@1
                 	SUBI R26,LOW(-@2)
                 	SBCI R27,HIGH(-@2)
                 	ST   X,R30
                 	.ENDM
                 
                 	.MACRO __PUTW1RON
                 	MOV  R26,R@0
                 	MOV  R27,R@1
                 	SUBI R26,LOW(-@2)
                 	SBCI R27,HIGH(-@2)
                 	ST   X+,R30
                 	ST   X,R31
                 	.ENDM
                 
                 	.MACRO __PUTD1RON
                 	MOV  R26,R@0
                 	MOV  R27,R@1
                 	SUBI R26,LOW(-@2)
                 	SBCI R27,HIGH(-@2)
                 	CALL __PUTDP1
                 	.ENDM
                 
                 	.MACRO __PUTB1RONS
                 	MOV  R26,R@0
                 	MOV  R27,R@1
                 	ADIW R26,@2
                 	ST   X,R30
                 	.ENDM
                 
                 	.MACRO __PUTW1RONS
                 	MOV  R26,R@0
                 	MOV  R27,R@1
                 	ADIW R26,@2
                 	ST   X+,R30
                 	ST   X,R31
                 	.ENDM
                 
                 	.MACRO __PUTD1RONS
                 	MOV  R26,R@0
                 	MOV  R27,R@1
                 	ADIW R26,@2
                 	CALL __PUTDP1
                 	.ENDM
                 
                 
                 	.MACRO __GETB1SX
                 	MOVW R30,R28
                 	SUBI R30,LOW(-@0)
                 	SBCI R31,HIGH(-@0)
                 	LD   R30,Z
                 	.ENDM
                 
                 	.MACRO __GETB1HSX
                 	MOVW R30,R28
                 	SUBI R30,LOW(-@0)
                 	SBCI R31,HIGH(-@0)
                 	LD   R31,Z
                 	.ENDM
                 
                 	.MACRO __GETW1SX
                 	MOVW R30,R28
                 	SUBI R30,LOW(-@0)
                 	SBCI R31,HIGH(-@0)
                 	LD   R0,Z+
                 	LD   R31,Z
                 	MOV  R30,R0
                 	.ENDM
                 
                 	.MACRO __GETD1SX
                 	MOVW R30,R28
                 	SUBI R30,LOW(-@0)
                 	SBCI R31,HIGH(-@0)
                 	LD   R0,Z+
                 	LD   R1,Z+
                 	LD   R22,Z+
                 	LD   R23,Z
                 	MOVW R30,R0
                 	.ENDM
                 
                 	.MACRO __GETB2SX
                 	MOVW R26,R28
                 	SUBI R26,LOW(-@0)
                 	SBCI R27,HIGH(-@0)
                 	LD   R26,X
                 	.ENDM
                 
                 	.MACRO __GETW2SX
                 	MOVW R26,R28
                 	SUBI R26,LOW(-@0)
                 	SBCI R27,HIGH(-@0)
                 	LD   R0,X+
                 	LD   R27,X
                 	MOV  R26,R0
                 	.ENDM
                 
                 	.MACRO __GETD2SX
                 	MOVW R26,R28
                 	SUBI R26,LOW(-@0)
                 	SBCI R27,HIGH(-@0)
                 	LD   R0,X+
                 	LD   R1,X+
                 	LD   R24,X+
                 	LD   R25,X
                 	MOVW R26,R0
                 	.ENDM
                 
                 	.MACRO __GETBRSX
                 	MOVW R30,R28
                 	SUBI R30,LOW(-@1)
                 	SBCI R31,HIGH(-@1)
                 	LD   R@0,Z
                 	.ENDM
                 
                 	.MACRO __GETWRSX
                 	MOVW R30,R28
                 	SUBI R30,LOW(-@2)
                 	SBCI R31,HIGH(-@2)
                 	LD   R@0,Z+
                 	LD   R@1,Z
                 	.ENDM
                 
                 	.MACRO __GETBRSX2
                 	MOVW R26,R28
                 	SUBI R26,LOW(-@1)
                 	SBCI R27,HIGH(-@1)
                 	LD   R@0,X
                 	.ENDM
                 
                 	.MACRO __GETWRSX2
                 	MOVW R26,R28
                 	SUBI R26,LOW(-@2)
                 	SBCI R27,HIGH(-@2)
                 	LD   R@0,X+
                 	LD   R@1,X
                 	.ENDM
                 
                 	.MACRO __LSLW8SX
                 	MOVW R30,R28
                 	SUBI R30,LOW(-@0)
                 	SBCI R31,HIGH(-@0)
                 	LD   R31,Z
                 	CLR  R30
                 	.ENDM
                 
                 	.MACRO __PUTB1SX
                 	MOVW R26,R28
                 	SUBI R26,LOW(-@0)
                 	SBCI R27,HIGH(-@0)
                 	ST   X,R30
                 	.ENDM
                 
                 	.MACRO __PUTW1SX
                 	MOVW R26,R28
                 	SUBI R26,LOW(-@0)
                 	SBCI R27,HIGH(-@0)
                 	ST   X+,R30
                 	ST   X,R31
                 	.ENDM
                 
                 	.MACRO __PUTD1SX
                 	MOVW R26,R28
                 	SUBI R26,LOW(-@0)
                 	SBCI R27,HIGH(-@0)
                 	ST   X+,R30
                 	ST   X+,R31
                 	ST   X+,R22
                 	ST   X,R23
                 	.ENDM
                 
                 	.MACRO __CLRW1SX
                 	MOVW R26,R28
                 	SUBI R26,LOW(-@0)
                 	SBCI R27,HIGH(-@0)
                 	ST   X+,R30
                 	ST   X,R30
                 	.ENDM
                 
                 	.MACRO __CLRD1SX
                 	MOVW R26,R28
                 	SUBI R26,LOW(-@0)
                 	SBCI R27,HIGH(-@0)
                 	ST   X+,R30
                 	ST   X+,R30
                 	ST   X+,R30
                 	ST   X,R30
                 	.ENDM
                 
                 	.MACRO __PUTB2SX
                 	MOVW R30,R28
                 	SUBI R30,LOW(-@0)
                 	SBCI R31,HIGH(-@0)
                 	ST   Z,R26
                 	.ENDM
                 
                 	.MACRO __PUTW2SX
                 	MOVW R30,R28
                 	SUBI R30,LOW(-@0)
                 	SBCI R31,HIGH(-@0)
                 	ST   Z+,R26
                 	ST   Z,R27
                 	.ENDM
                 
                 	.MACRO __PUTD2SX
                 	MOVW R30,R28
                 	SUBI R30,LOW(-@0)
                 	SBCI R31,HIGH(-@0)
                 	ST   Z+,R26
                 	ST   Z+,R27
                 	ST   Z+,R24
                 	ST   Z,R25
                 	.ENDM
                 
                 	.MACRO __PUTBSRX
                 	MOVW R30,R28
                 	SUBI R30,LOW(-@1)
                 	SBCI R31,HIGH(-@1)
                 	ST   Z,R@0
                 	.ENDM
                 
                 	.MACRO __PUTWSRX
                 	MOVW R30,R28
                 	SUBI R30,LOW(-@2)
                 	SBCI R31,HIGH(-@2)
                 	ST   Z+,R@0
                 	ST   Z,R@1
                 	.ENDM
                 
                 	.MACRO __PUTB1SNX
                 	MOVW R26,R28
                 	SUBI R26,LOW(-@0)
                 	SBCI R27,HIGH(-@0)
                 	LD   R0,X+
                 	LD   R27,X
                 	MOV  R26,R0
                 	SUBI R26,LOW(-@1)
                 	SBCI R27,HIGH(-@1)
                 	ST   X,R30
                 	.ENDM
                 
                 	.MACRO __PUTW1SNX
                 	MOVW R26,R28
                 	SUBI R26,LOW(-@0)
                 	SBCI R27,HIGH(-@0)
                 	LD   R0,X+
                 	LD   R27,X
                 	MOV  R26,R0
                 	SUBI R26,LOW(-@1)
                 	SBCI R27,HIGH(-@1)
                 	ST   X+,R30
                 	ST   X,R31
                 	.ENDM
                 
                 	.MACRO __PUTD1SNX
                 	MOVW R26,R28
                 	SUBI R26,LOW(-@0)
                 	SBCI R27,HIGH(-@0)
                 	LD   R0,X+
                 	LD   R27,X
                 	MOV  R26,R0
                 	SUBI R26,LOW(-@1)
                 	SBCI R27,HIGH(-@1)
                 	ST   X+,R30
                 	ST   X+,R31
                 	ST   X+,R22
                 	ST   X,R23
                 	.ENDM
                 
                 	.MACRO __MULBRR
                 	MULS R@0,R@1
                 	MOVW R30,R0
                 	.ENDM
                 
                 	.MACRO __MULBRRU
                 	MUL  R@0,R@1
                 	MOVW R30,R0
                 	.ENDM
                 
                 	.MACRO __MULBRR0
                 	MULS R@0,R@1
                 	.ENDM
                 
                 	.MACRO __MULBRRU0
                 	MUL  R@0,R@1
                 	.ENDM
                 
                 	.MACRO __MULBNWRU
                 	LDI  R26,@2
                 	MUL  R26,R@0
                 	MOVW R30,R0
                 	MUL  R26,R@1
                 	ADD  R31,R0
                 	.ENDM
                 
                 ;NAME DEFINITIONS FOR GLOBAL VARIABLES ALLOCATED TO REGISTERS
                 	.DEF _SegDot=R4
                 	.DEF _Segment1=R3
                 	.DEF _Segment2=R6
                 	.DEF _Segment3=R5
                 	.DEF _RawAdc=R7
                 	.DEF _RawAdc_msb=R8
                 	.DEF _Count=R10
                 	.DEF _TempInit=R9
                 	.DEF _TempAvg=R11
                 	.DEF _TempAvg_msb=R12
                 	.DEF _TempTarget=R14
                 	.DEF _TempSetTarget=R13
                 
                 ;GPIOR0 INITIALIZATION VALUE
                 	.EQU __GPIOR0_INIT=0x00
                 
                 	.CSEG
                 	.ORG 0x00
                 
                 ;START OF CODE MARKER
                 __START_OF_CODE:
                 
                 ;INTERRUPT VECTORS
000000 940c 004f 	JMP  __RESET
000002 940c 0000 	JMP  0x00
000004 940c 0000 	JMP  0x00
000006 940c 0000 	JMP  0x00
000008 940c 0000 	JMP  0x00
00000a 940c 0000 	JMP  0x00
00000c 940c 0000 	JMP  0x00
00000e 940c 0000 	JMP  0x00
000010 940c 0000 	JMP  0x00
000012 940c 0000 	JMP  0x00
000014 940c 0000 	JMP  0x00
000016 940c 0000 	JMP  0x00
000018 940c 0000 	JMP  0x00
00001a 940c 0000 	JMP  0x00
00001c 940c 0000 	JMP  0x00
00001e 940c 0000 	JMP  0x00
000020 940c 0000 	JMP  0x00
000022 940c 0000 	JMP  0x00
000024 940c 0000 	JMP  0x00
000026 940c 0000 	JMP  0x00
000028 940c 0000 	JMP  0x00
00002a 940c 0000 	JMP  0x00
00002c 940c 0000 	JMP  0x00
00002e 940c 0000 	JMP  0x00
000030 940c 0000 	JMP  0x00
000032 940c 0000 	JMP  0x00
                 
                 _tbl10_G100:
000034 2710
000035 03e8
000036 0064
000037 000a      	.DB  0x10,0x27,0xE8,0x3,0x64,0x0,0xA,0x0
000038 0001      	.DB  0x1,0x0
                 _tbl16_G100:
000039 1000
00003a 0100
00003b 0010
00003c 0001      	.DB  0x0,0x10,0x0,0x1,0x10,0x0,0x1,0x0
                 
                 ;GLOBAL REGISTER VARIABLES INITIALIZATION
                 __REG_VARS:
00003d 00ef
00003e 0000      	.DB  0xEF,0x0,0x0,0x0
00003f 0000
000040 0000      	.DB  0x0,0x0,0x0,0x0
000041 0000
C:\Users\Sbzrgn\Desktop\Relay Controller and 7Segment for Thermostat Proteus\Relay-Controller-and-7Segment-for-Thermostat-CodeVision\Debug\List\RelayController.asm(1150): warning: .cseg .db misalignment - padding zero byte
000042 0000      	.DB  0x0,0x0,0x0
                 
                 _0x3:
000043 f930
000044 d052
000045 9499
000046 f114      	.DB  0x30,0xF9,0x52,0xD0,0x99,0x94,0x14,0xF1
000047 9010      	.DB  0x10,0x90
                 
                 __GLOBAL_INI_TBL:
000048 000b      	.DW  0x0B
000049 0004      	.DW  0x04
00004a 007a      	.DW  __REG_VARS*2
                 
00004b 000a      	.DW  0x0A
00004c 0300      	.DW  _SegNum
00004d 0086      	.DW  _0x3*2
                 
                 _0xFFFFFFFF:
00004e 0000      	.DW  0
                 
                 #define __GLOBAL_INI_TBL_PRESENT 1
                 
                 __RESET:
00004f 94f8      	CLI
000050 27ee      	CLR  R30
000051 bbef      	OUT  EECR,R30
                 
                 ;INTERRUPT VECTORS ARE PLACED
                 ;AT THE START OF FLASH
000052 e0f1      	LDI  R31,1
000053 bff5      	OUT  MCUCR,R31
000054 bfe5      	OUT  MCUCR,R30
                 
                 ;CLEAR R2-R14
000055 e08d      	LDI  R24,(14-2)+1
000056 e0a2      	LDI  R26,2
000057 27bb      	CLR  R27
                 __CLEAR_REG:
000058 93ed      	ST   X+,R30
000059 958a      	DEC  R24
00005a f7e9      	BRNE __CLEAR_REG
                 
                 ;CLEAR SRAM
00005b e080      	LDI  R24,LOW(__CLEAR_SRAM_SIZE)
00005c e098      	LDI  R25,HIGH(__CLEAR_SRAM_SIZE)
00005d e0a0      	LDI  R26,LOW(__SRAM_START)
00005e e0b1      	LDI  R27,HIGH(__SRAM_START)
                 __CLEAR_SRAM:
00005f 93ed      	ST   X+,R30
000060 9701      	SBIW R24,1
000061 f7e9      	BRNE __CLEAR_SRAM
                 
                 ;GLOBAL VARIABLES INITIALIZATION
000062 e9e0      	LDI  R30,LOW(__GLOBAL_INI_TBL*2)
000063 e0f0      	LDI  R31,HIGH(__GLOBAL_INI_TBL*2)
                 __GLOBAL_INI_NEXT:
000064 9185      	LPM  R24,Z+
000065 9195      	LPM  R25,Z+
000066 9700      	SBIW R24,0
000067 f061      	BREQ __GLOBAL_INI_END
000068 91a5      	LPM  R26,Z+
000069 91b5      	LPM  R27,Z+
00006a 9005      	LPM  R0,Z+
00006b 9015      	LPM  R1,Z+
00006c 01bf      	MOVW R22,R30
00006d 01f0      	MOVW R30,R0
                 __GLOBAL_INI_LOOP:
00006e 9005      	LPM  R0,Z+
00006f 920d      	ST   X+,R0
000070 9701      	SBIW R24,1
000071 f7e1      	BRNE __GLOBAL_INI_LOOP
000072 01fb      	MOVW R30,R22
000073 cff0      	RJMP __GLOBAL_INI_NEXT
                 __GLOBAL_INI_END:
                 
                 ;GPIOR0 INITIALIZATION
000074 e0e0      	LDI  R30,__GPIOR0_INIT
000075 bbee      	OUT  GPIOR0,R30
                 
                 ;HARDWARE STACK POINTER INITIALIZATION
000076 efef      	LDI  R30,LOW(__SRAM_END-__HEAP_SIZE)
000077 bfed      	OUT  SPL,R30
000078 e0e8      	LDI  R30,HIGH(__SRAM_END-__HEAP_SIZE)
000079 bfee      	OUT  SPH,R30
                 
                 ;DATA STACK POINTER INITIALIZATION
00007a e0c0      	LDI  R28,LOW(__SRAM_START+__DSTACK_SIZE)
00007b e0d3      	LDI  R29,HIGH(__SRAM_START+__DSTACK_SIZE)
                 
00007c 940c 009f 	JMP  _main
                 
                 	.ESEG
                 	.ORG 0
                 
                 	.DSEG
                 	.ORG 0x300
                 
                 	.CSEG
                 ;/*******************************************************
                 ;This program was created by the
                 ;CodeWizardAVR V3.12 Advanced
                 ;Automatic Program Generator
                 ;© Copyright 1998-2014 Pavel Haiduc, HP InfoTech s.r.l.
                 ;http://www.hpinfotech.com
                 ;
                 ;Project :
                 ;Version :
                 ;Date    : 3/8/2023
                 ;Author  :
                 ;Company :
                 ;Comments:
                 ;
                 ;
                 ;Chip type               : ATmega328P
                 ;Program type            : Application
                 ;AVR Core Clock frequency: 1.000000 MHz
                 ;Memory model            : Small
                 ;External RAM size       : 0
                 ;Data Stack size         : 512
                 ;*******************************************************/
                 ;
                 ;#include <mega328p.h>
                 	#ifndef __SLEEP_DEFINED__
                 	#define __SLEEP_DEFINED__
                 	.EQU __se_bit=0x01
                 	.EQU __sm_mask=0x0E
                 	.EQU __sm_adc_noise_red=0x02
                 	.EQU __sm_powerdown=0x04
                 	.EQU __sm_powersave=0x06
                 	.EQU __sm_standby=0x0C
                 	.EQU __sm_ext_standby=0x0E
                 	.SET power_ctrl_reg=smcr
                 	#endif
                 ;#include <delay.h>
                 ;#include <stdint.h>
                 ;#include <stdio.h>
                 ;//----------------------------------------------------------------------
                 ;typedef enum RelayNumber
                 ;{
                 ;    Fan = 0x01,
                 ;    One = 0x02,
                 ;    Two = 0x03,
                 ;    Three = 0x04,
                 ;    All = 0x05
                 ;}Relay;
                 ;
                 ;unsigned char SegNum[10] = {0x30, 0xF9, 0x52, 0xD0, 0x99, 0x94, 0x14, 0xF1, 0x10, 0x90};
                 
                 	.DSEG
                 ;unsigned char SegDot = 0xEF;
                 ;uint8_t Segment1, Segment2, Segment3;
                 ;
                 ;int16_t RawAdc = 0;
                 ;uint8_t Count = 0;
                 ;uint8_t TempInit = 0;
                 ;uint16_t TempAvg = 0;
                 ;uint8_t TempTarget = 0;
                 ;uint8_t TempSetTarget = 0;
                 ;//----------------------------------------------------------------------
                 ;void Relay_TurnOn(uint8_t Number);
                 ;void Relay_TurnOff(uint8_t Number);
                 ;void Warning_On(void);
                 ;void Warning_Off(void);
                 ;void Display(uint16_t Number);
                 ;void Display_Configuration(uint8_t Number, uint8_t Place);
                 ;void Keys_Update(void);
                 ;void WindSensor_Update(void);
                 ;void LimitSensor_Update(void);
                 ;uint8_t TempSensor_Update(void);
                 ;void Initial(void);
                 ;//----------------------------------------------------------------------
                 ;// Voltage Reference: AREF pin
                 ;#define ADC_VREF_TYPE ((0<<REFS1) | (0<<REFS0) | (0<<ADLAR))
                 ;
                 ;// Read the AD conversion result
                 ;unsigned int read_adc(unsigned char adc_input)
                 ; 0000 0042 {
                 
                 	.CSEG
                 _read_adc:
                 ; .FSTART _read_adc
                 ; 0000 0043 ADMUX=adc_input | ADC_VREF_TYPE;
00007e 93aa      	ST   -Y,R26
                 ;	adc_input -> Y+0
00007f 81e8      	LD   R30,Y
000080 93e0 007c 	STS  124,R30
                 ; 0000 0044 // Delay needed for the stabilization of the ADC input voltage
                 ; 0000 0045 delay_us(10);
                +
000082 e083     +LDI R24 , LOW ( 3 )
                +__DELAY_USB_LOOP :
000083 958a     +DEC R24
000084 f7f1     +BRNE __DELAY_USB_LOOP
                 	__DELAY_USB 3
                 ; 0000 0046 // Start the AD conversion
                 ; 0000 0047 ADCSRA|=(1<<ADSC);
000085 91e0 007a 	LDS  R30,122
000087 64e0      	ORI  R30,0x40
000088 93e0 007a 	STS  122,R30
                 ; 0000 0048 // Wait for the AD conversion to complete
                 ; 0000 0049 while ((ADCSRA & (1<<ADIF))==0);
                 _0x4:
00008a 91e0 007a 	LDS  R30,122
00008c 71e0      	ANDI R30,LOW(0x10)
00008d f3e1      	BREQ _0x4
                 ; 0000 004A ADCSRA|=(1<<ADIF);
00008e 91e0 007a 	LDS  R30,122
000090 61e0      	ORI  R30,0x10
000091 93e0 007a 	STS  122,R30
                 ; 0000 004B return ADCW;
000093 91e0 0078 	LDS  R30,120
000095 91f0 0079 	LDS  R31,120+1
000097 940c 0254 	JMP  _0x2080001
                 ; 0000 004C }
                 ; .FEND
                 ;
                 ;// SPI functions
                 ;#include <spi.h>
                 ;
                 ;// Timer0 Initial function
                 ;void timer0_init()
                 ; 0000 0053 {
                 _timer0_init:
                 ; .FSTART _timer0_init
                 ; 0000 0054     // set up timer with prescaler = 1024
                 ; 0000 0055     TCCR0B |= (1 << CS02)|(1 << CS00);
000099 b5e5      	IN   R30,0x25
00009a 60e5      	ORI  R30,LOW(0x5)
00009b bde5      	OUT  0x25,R30
                 ; 0000 0056     // initialize counter
                 ; 0000 0057     TCNT0 = 0;
00009c e0e0      	LDI  R30,LOW(0)
00009d bde6      	OUT  0x26,R30
                 ; 0000 0058 }
00009e 9508      	RET
                 ; .FEND
                 ;
                 ;void main(void)
                 ; 0000 005B {
                 _main:
                 ; .FSTART _main
                 ; 0000 005C // Declare your local variables here
                 ; 0000 005D 
                 ; 0000 005E // Crystal Oscillator division factor: 8
                 ; 0000 005F #pragma optsize-
                 ; 0000 0060 CLKPR=(1<<CLKPCE);
00009f e8e0      	LDI  R30,LOW(128)
0000a0 93e0 0061 	STS  97,R30
                 ; 0000 0061 CLKPR=(0<<CLKPCE) | (0<<CLKPS3) | (0<<CLKPS2) | (1<<CLKPS1) | (1<<CLKPS0);
0000a2 e0e3      	LDI  R30,LOW(3)
0000a3 93e0 0061 	STS  97,R30
                 ; 0000 0062 #ifdef _OPTIMIZE_SIZE_
                 ; 0000 0063 #pragma optsize+
                 ; 0000 0064 #endif
                 ; 0000 0065 
                 ; 0000 0066 // Input/Output Ports initialization
                 ; 0000 0067 // Port B initialization
                 ; 0000 0068 // Function: Bit7=In Bit6=In Bit5=Out Bit4=In Bit3=Out Bit2=Out Bit1=Out Bit0=Out
                 ; 0000 0069 DDRB=(0<<DDB7) | (0<<DDB6) | (1<<DDB5) | (0<<DDB4) | (1<<DDB3) | (1<<DDB2) | (1<<DDB1) | (1<<DDB0);
0000a5 e2ef      	LDI  R30,LOW(47)
0000a6 b9e4      	OUT  0x4,R30
                 ; 0000 006A // State: Bit7=T Bit6=T Bit5=0 Bit4=T Bit3=0 Bit2=0 Bit1=0 Bit0=0
                 ; 0000 006B PORTB=(0<<PORTB7) | (0<<PORTB6) | (0<<PORTB5) | (0<<PORTB4) | (0<<PORTB3) | (0<<PORTB2) | (0<<PORTB1) | (0<<PORTB0);
0000a7 e0e0      	LDI  R30,LOW(0)
0000a8 b9e5      	OUT  0x5,R30
                 ; 0000 006C 
                 ; 0000 006D // Port C initialization
                 ; 0000 006E // Function: Bit6=In Bit5=Out Bit4=Out Bit3=Out Bit2=In Bit1=In Bit0=In
                 ; 0000 006F DDRC=(0<<DDC6) | (1<<DDC5) | (1<<DDC4) | (1<<DDC3) | (0<<DDC2) | (0<<DDC1) | (0<<DDC0);
0000a9 e3e8      	LDI  R30,LOW(56)
0000aa b9e7      	OUT  0x7,R30
                 ; 0000 0070 // State: Bit6=T Bit5=0 Bit4=0 Bit3=0 Bit2=T Bit1=T Bit0=T
                 ; 0000 0071 PORTC=(0<<PORTC6) | (0<<PORTC5) | (0<<PORTC4) | (0<<PORTC3) | (0<<PORTC2) | (0<<PORTC1) | (0<<PORTC0);
0000ab e0e0      	LDI  R30,LOW(0)
0000ac b9e8      	OUT  0x8,R30
                 ; 0000 0072 
                 ; 0000 0073 // Port D initialization
                 ; 0000 0074 // Function: Bit7=Out Bit6=Out Bit5=Out Bit4=In Bit3=In Bit2=In Bit1=In Bit0=In
                 ; 0000 0075 DDRD=(1<<DDD7) | (1<<DDD6) | (1<<DDD5) | (0<<DDD4) | (0<<DDD3) | (0<<DDD2) | (0<<DDD1) | (0<<DDD0);
0000ad eee0      	LDI  R30,LOW(224)
0000ae b9ea      	OUT  0xA,R30
                 ; 0000 0076 // State: Bit7=0 Bit6=0 Bit5=0 Bit4=T Bit3=T Bit2=T Bit1=T Bit0=T
                 ; 0000 0077 PORTD=(0<<PORTD7) | (0<<PORTD6) | (0<<PORTD5) | (0<<PORTD4) | (0<<PORTD3) | (0<<PORTD2) | (0<<PORTD1) | (0<<PORTD0);
0000af e0e0      	LDI  R30,LOW(0)
0000b0 b9eb      	OUT  0xB,R30
                 ; 0000 0078 
                 ; 0000 0079 // Timer/Counter 0 initialization
                 ; 0000 007A // Clock source: System Clock
                 ; 0000 007B // Clock value: 0.977 kHz
                 ; 0000 007C // Mode: Normal top=0xFF
                 ; 0000 007D // OC0A output: Disconnected
                 ; 0000 007E // OC0B output: Disconnected
                 ; 0000 007F // Timer Period: 0.26214 s
                 ; 0000 0080 TCCR0A=(0<<COM0A1) | (0<<COM0A0) | (0<<COM0B1) | (0<<COM0B0) | (0<<WGM01) | (0<<WGM00);
0000b1 bde4      	OUT  0x24,R30
                 ; 0000 0081 TCCR0B=(0<<WGM02) | (1<<CS02) | (0<<CS01) | (1<<CS00);
0000b2 e0e5      	LDI  R30,LOW(5)
0000b3 bde5      	OUT  0x25,R30
                 ; 0000 0082 TCNT0=0x00;
0000b4 e0e0      	LDI  R30,LOW(0)
0000b5 bde6      	OUT  0x26,R30
                 ; 0000 0083 OCR0A=0x00;
0000b6 bde7      	OUT  0x27,R30
                 ; 0000 0084 OCR0B=0x00;
0000b7 bde8      	OUT  0x28,R30
                 ; 0000 0085 
                 ; 0000 0086 // Timer/Counter 1 initialization
                 ; 0000 0087 // Clock source: System Clock
                 ; 0000 0088 // Clock value: Timer1 Stopped
                 ; 0000 0089 // Mode: Normal top=0xFFFF
                 ; 0000 008A // OC1A output: Disconnected
                 ; 0000 008B // OC1B output: Disconnected
                 ; 0000 008C // Noise Canceler: Off
                 ; 0000 008D // Input Capture on Falling Edge
                 ; 0000 008E // Timer1 Overflow Interrupt: Off
                 ; 0000 008F // Input Capture Interrupt: Off
                 ; 0000 0090 // Compare A Match Interrupt: Off
                 ; 0000 0091 // Compare B Match Interrupt: Off
                 ; 0000 0092 TCCR1A=(0<<COM1A1) | (0<<COM1A0) | (0<<COM1B1) | (0<<COM1B0) | (0<<WGM11) | (0<<WGM10);
0000b8 93e0 0080 	STS  128,R30
                 ; 0000 0093 TCCR1B=(0<<ICNC1) | (0<<ICES1) | (0<<WGM13) | (0<<WGM12) | (0<<CS12) | (0<<CS11) | (0<<CS10);
0000ba 93e0 0081 	STS  129,R30
                 ; 0000 0094 TCNT1H=0x00;
0000bc 93e0 0085 	STS  133,R30
                 ; 0000 0095 TCNT1L=0x00;
0000be 93e0 0084 	STS  132,R30
                 ; 0000 0096 ICR1H=0x00;
0000c0 93e0 0087 	STS  135,R30
                 ; 0000 0097 ICR1L=0x00;
0000c2 93e0 0086 	STS  134,R30
                 ; 0000 0098 OCR1AH=0x00;
0000c4 93e0 0089 	STS  137,R30
                 ; 0000 0099 OCR1AL=0x00;
0000c6 93e0 0088 	STS  136,R30
                 ; 0000 009A OCR1BH=0x00;
0000c8 93e0 008b 	STS  139,R30
                 ; 0000 009B OCR1BL=0x00;
0000ca 93e0 008a 	STS  138,R30
                 ; 0000 009C 
                 ; 0000 009D // Timer/Counter 2 initialization
                 ; 0000 009E // Clock source: System Clock
                 ; 0000 009F // Clock value: Timer2 Stopped
                 ; 0000 00A0 // Mode: Normal top=0xFF
                 ; 0000 00A1 // OC2A output: Disconnected
                 ; 0000 00A2 // OC2B output: Disconnected
                 ; 0000 00A3 ASSR=(0<<EXCLK) | (0<<AS2);
0000cc 93e0 00b6 	STS  182,R30
                 ; 0000 00A4 TCCR2A=(0<<COM2A1) | (0<<COM2A0) | (0<<COM2B1) | (0<<COM2B0) | (0<<WGM21) | (0<<WGM20);
0000ce 93e0 00b0 	STS  176,R30
                 ; 0000 00A5 TCCR2B=(0<<WGM22) | (0<<CS22) | (0<<CS21) | (0<<CS20);
0000d0 93e0 00b1 	STS  177,R30
                 ; 0000 00A6 TCNT2=0x00;
0000d2 93e0 00b2 	STS  178,R30
                 ; 0000 00A7 OCR2A=0x00;
0000d4 93e0 00b3 	STS  179,R30
                 ; 0000 00A8 OCR2B=0x00;
0000d6 93e0 00b4 	STS  180,R30
                 ; 0000 00A9 
                 ; 0000 00AA // Timer/Counter 0 Interrupt(s) initialization
                 ; 0000 00AB TIMSK0=(0<<OCIE0B) | (0<<OCIE0A) | (0<<TOIE0);
0000d8 93e0 006e 	STS  110,R30
                 ; 0000 00AC 
                 ; 0000 00AD // Timer/Counter 1 Interrupt(s) initialization
                 ; 0000 00AE TIMSK1=(0<<ICIE1) | (0<<OCIE1B) | (0<<OCIE1A) | (0<<TOIE1);
0000da 93e0 006f 	STS  111,R30
                 ; 0000 00AF 
                 ; 0000 00B0 // Timer/Counter 2 Interrupt(s) initialization
                 ; 0000 00B1 TIMSK2=(0<<OCIE2B) | (0<<OCIE2A) | (0<<TOIE2);
0000dc 93e0 0070 	STS  112,R30
                 ; 0000 00B2 
                 ; 0000 00B3 // External Interrupt(s) initialization
                 ; 0000 00B4 // INT0: Off
                 ; 0000 00B5 // INT1: Off
                 ; 0000 00B6 // Interrupt on any change on pins PCINT0-7: Off
                 ; 0000 00B7 // Interrupt on any change on pins PCINT8-14: Off
                 ; 0000 00B8 // Interrupt on any change on pins PCINT16-23: Off
                 ; 0000 00B9 EICRA=(0<<ISC11) | (0<<ISC10) | (0<<ISC01) | (0<<ISC00);
0000de 93e0 0069 	STS  105,R30
                 ; 0000 00BA EIMSK=(0<<INT1) | (0<<INT0);
0000e0 bbed      	OUT  0x1D,R30
                 ; 0000 00BB PCICR=(0<<PCIE2) | (0<<PCIE1) | (0<<PCIE0);
0000e1 93e0 0068 	STS  104,R30
                 ; 0000 00BC 
                 ; 0000 00BD // USART initialization
                 ; 0000 00BE // USART disabled
                 ; 0000 00BF UCSR0B=(0<<RXCIE0) | (0<<TXCIE0) | (0<<UDRIE0) | (0<<RXEN0) | (0<<TXEN0) | (0<<UCSZ02) | (0<<RXB80) | (0<<TXB80);
0000e3 93e0 00c1 	STS  193,R30
                 ; 0000 00C0 
                 ; 0000 00C1 // Analog Comparator initialization
                 ; 0000 00C2 // Analog Comparator: Off
                 ; 0000 00C3 // The Analog Comparator's positive input is
                 ; 0000 00C4 // connected to the AIN0 pin
                 ; 0000 00C5 // The Analog Comparator's negative input is
                 ; 0000 00C6 // connected to the AIN1 pin
                 ; 0000 00C7 ACSR=(1<<ACD) | (0<<ACBG) | (0<<ACO) | (0<<ACI) | (0<<ACIE) | (0<<ACIC) | (0<<ACIS1) | (0<<ACIS0);
0000e5 e8e0      	LDI  R30,LOW(128)
0000e6 bfe0      	OUT  0x30,R30
                 ; 0000 00C8 // Digital input buffer on AIN0: On
                 ; 0000 00C9 // Digital input buffer on AIN1: On
                 ; 0000 00CA DIDR1=(0<<AIN0D) | (0<<AIN1D);
0000e7 e0e0      	LDI  R30,LOW(0)
0000e8 93e0 007f 	STS  127,R30
                 ; 0000 00CB 
                 ; 0000 00CC // ADC initialization
                 ; 0000 00CD // ADC Clock frequency: 15.625 kHz
                 ; 0000 00CE // ADC Voltage Reference: AREF pin
                 ; 0000 00CF // ADC Auto Trigger Source: ADC Stopped
                 ; 0000 00D0 // Digital input buffers on ADC0: On, ADC1: On, ADC2: On, ADC3: On
                 ; 0000 00D1 // ADC4: On, ADC5: On
                 ; 0000 00D2 DIDR0=(0<<ADC5D) | (0<<ADC4D) | (0<<ADC3D) | (0<<ADC2D) | (0<<ADC1D) | (0<<ADC0D);
0000ea 93e0 007e 	STS  126,R30
                 ; 0000 00D3 ADMUX=ADC_VREF_TYPE;
0000ec 93e0 007c 	STS  124,R30
                 ; 0000 00D4 ADCSRA=(1<<ADEN) | (0<<ADSC) | (0<<ADATE) | (0<<ADIF) | (0<<ADIE) | (1<<ADPS2) | (1<<ADPS1) | (0<<ADPS0);
0000ee e8e6      	LDI  R30,LOW(134)
0000ef 93e0 007a 	STS  122,R30
                 ; 0000 00D5 ADCSRB=(0<<ADTS2) | (0<<ADTS1) | (0<<ADTS0);
0000f1 e0e0      	LDI  R30,LOW(0)
0000f2 93e0 007b 	STS  123,R30
                 ; 0000 00D6 
                 ; 0000 00D7 // SPI initialization
                 ; 0000 00D8 // SPI Type: Master
                 ; 0000 00D9 // SPI Clock Rate: 2*15.625 kHz
                 ; 0000 00DA // SPI Clock Phase: Cycle Start
                 ; 0000 00DB // SPI Clock Polarity: High
                 ; 0000 00DC // SPI Data Order: MSB First
                 ; 0000 00DD SPCR=(0<<SPIE) | (1<<SPE) | (0<<DORD) | (1<<MSTR) | (1<<CPOL) | (0<<CPHA) | (1<<SPR1) | (0<<SPR0);
0000f4 e5ea      	LDI  R30,LOW(90)
0000f5 bdec      	OUT  0x2C,R30
                 ; 0000 00DE SPSR=(1<<SPI2X);
0000f6 e0e1      	LDI  R30,LOW(1)
0000f7 bded      	OUT  0x2D,R30
                 ; 0000 00DF 
                 ; 0000 00E0 // TWI initialization
                 ; 0000 00E1 // TWI disabled
                 ; 0000 00E2 TWCR=(0<<TWEA) | (0<<TWSTA) | (0<<TWSTO) | (0<<TWEN) | (0<<TWIE);
0000f8 e0e0      	LDI  R30,LOW(0)
0000f9 93e0 00bc 	STS  188,R30
                 ; 0000 00E3 //----------------------------------------------------------------------
                 ; 0000 00E4 Initial();
0000fb d139      	RCALL _Initial
                 ; 0000 00E5 TempInit = TempSensor_Update();
0000fc d112      	RCALL _TempSensor_Update
0000fd 2e9e      	MOV  R9,R30
                 ; 0000 00E6 TempTarget = TempInit;
0000fe 2ce9      	MOV  R14,R9
                 ; 0000 00E7 TempSetTarget = TempInit;
0000ff 2cd9      	MOV  R13,R9
                 ; 0000 00E8 timer0_init();
000100 df98      	RCALL _timer0_init
                 ; 0000 00E9 //----------------------------------------------------------------------
                 ; 0000 00EA while (1)
                 _0x7:
                 ; 0000 00EB       {
                 ; 0000 00EC         WindSensor_Update();
000101 d0f3      	RCALL _WindSensor_Update
                 ; 0000 00ED         LimitSensor_Update();
000102 d0fa      	RCALL _LimitSensor_Update
                 ; 0000 00EE 
                 ; 0000 00EF         Keys_Update();
000103 d0d9      	RCALL _Keys_Update
                 ; 0000 00F0         Display(TempTarget);
000104 2dae      	MOV  R26,R14
000105 27bb      	CLR  R27
000106 d06e      	RCALL _Display
                 ; 0000 00F1         if (TCNT0 >= 250)
000107 b5e6      	IN   R30,0x26
000108 3fea      	CPI  R30,LOW(0xFA)
000109 f020      	BRLO _0xA
                 ; 0000 00F2         {
                 ; 0000 00F3             TempInit = TempSensor_Update();
00010a d104      	RCALL _TempSensor_Update
00010b 2e9e      	MOV  R9,R30
                 ; 0000 00F4             TCNT0 = 0;            // reset counter
00010c e0e0      	LDI  R30,LOW(0)
00010d bde6      	OUT  0x26,R30
                 ; 0000 00F5         }
                 ; 0000 00F6         if((TempSetTarget - TempInit) > 0 && (TempSetTarget - TempInit) < 4)
                 _0xA:
00010e 940e 0256 	CALL SUBOPT_0x0
000110 940e 02cd 	CALL __CPW02
000112 f424      	BRGE _0xC
000113 940e 0256 	CALL SUBOPT_0x0
000115 9714      	SBIW R26,4
000116 f00c      	BRLT _0xD
                 _0xC:
000117 c002      	RJMP _0xB
                 _0xD:
                 ; 0000 00F7         {
                 ; 0000 00F8             PORTD.7 = 1;
000118 9a5f      	SBI  0xB,7
                 ; 0000 00F9             PORTD.6 = 0;
000119 c015      	RJMP _0xB8
                 ; 0000 00FA             PORTD.5 = 0;
                 ; 0000 00FB         }
                 ; 0000 00FC         else if((TempSetTarget - TempInit) >= 5 && (TempSetTarget - TempInit) < 11)
                 _0xB:
00011a 940e 0256 	CALL SUBOPT_0x0
00011c 9715      	SBIW R26,5
00011d f024      	BRLT _0x16
00011e 940e 0256 	CALL SUBOPT_0x0
000120 971b      	SBIW R26,11
000121 f00c      	BRLT _0x17
                 _0x16:
000122 c003      	RJMP _0x15
                 _0x17:
                 ; 0000 00FD         {
                 ; 0000 00FE             PORTD.7 = 1;
000123 9a5f      	SBI  0xB,7
                 ; 0000 00FF             PORTD.6 = 1;
000124 9a5e      	SBI  0xB,6
                 ; 0000 0100             PORTD.5 = 0;
000125 c00a      	RJMP _0xB9
                 ; 0000 0101         }
                 ; 0000 0102         else if((TempSetTarget - TempInit) >= 11)
                 _0x15:
000126 940e 0256 	CALL SUBOPT_0x0
000128 971b      	SBIW R26,11
000129 f024      	BRLT _0x1F
                 ; 0000 0103         {
                 ; 0000 0104             PORTD.7 = 1;
00012a 9a5f      	SBI  0xB,7
                 ; 0000 0105             PORTD.6 = 1;
00012b 9a5e      	SBI  0xB,6
                 ; 0000 0106             PORTD.5 = 1;
00012c 9a5d      	SBI  0xB,5
                 ; 0000 0107         }
                 ; 0000 0108         else
00012d c003      	RJMP _0x26
                 _0x1F:
                 ; 0000 0109         {
                 ; 0000 010A             PORTD.7 = 0;
00012e 985f      	CBI  0xB,7
                 ; 0000 010B             PORTD.6 = 0;
                 _0xB8:
00012f 985e      	CBI  0xB,6
                 ; 0000 010C             PORTD.5 = 0;
                 _0xB9:
000130 985d      	CBI  0xB,5
                 ; 0000 010D         }
                 _0x26:
                 ; 0000 010E       }
000131 cfcf      	RJMP _0x7
                 ; 0000 010F }
                 _0x2D:
000132 cfff      	RJMP _0x2D
                 ; .FEND
                 ;//----------------------------------------------------------------------
                 ;void Relay_TurnOn(uint8_t Number)
                 ; 0000 0112 {
                 _Relay_TurnOn:
                 ; .FSTART _Relay_TurnOn
                 ; 0000 0113     switch(Number)
000133 940e 025d 	CALL SUBOPT_0x1
                 ;	Number -> Y+0
                 ; 0000 0114     {
                 ; 0000 0115         case Fan:
000135 f411      	BRNE _0x31
                 ; 0000 0116             PORTC.5 = 1;
000136 9a45      	SBI  0x8,5
                 ; 0000 0117         break;
000137 c018      	RJMP _0x30
                 ; 0000 0118         case One:
                 _0x31:
000138 30e2      	CPI  R30,LOW(0x2)
000139 e0a0      	LDI  R26,HIGH(0x2)
00013a 07fa      	CPC  R31,R26
00013b f411      	BRNE _0x34
                 ; 0000 0119             PORTD.5 = 1;
00013c 9a5d      	SBI  0xB,5
                 ; 0000 011A         break;
00013d c012      	RJMP _0x30
                 ; 0000 011B         case Two:
                 _0x34:
00013e 30e3      	CPI  R30,LOW(0x3)
00013f e0a0      	LDI  R26,HIGH(0x3)
000140 07fa      	CPC  R31,R26
000141 f411      	BRNE _0x37
                 ; 0000 011C             PORTD.6 = 1;
000142 9a5e      	SBI  0xB,6
                 ; 0000 011D         break;
000143 c00c      	RJMP _0x30
                 ; 0000 011E         case Three:
                 _0x37:
000144 30e4      	CPI  R30,LOW(0x4)
000145 e0a0      	LDI  R26,HIGH(0x4)
000146 07fa      	CPC  R31,R26
000147 f039      	BREQ _0xBA
                 ; 0000 011F             PORTD.7 = 1;
                 ; 0000 0120         break;
                 ; 0000 0121         case All:
000148 30e5      	CPI  R30,LOW(0x5)
000149 e0a0      	LDI  R26,HIGH(0x5)
00014a 07fa      	CPC  R31,R26
00014b f421      	BRNE _0x30
                 ; 0000 0122             PORTC.5 = 1;
00014c 9a45      	SBI  0x8,5
                 ; 0000 0123             PORTD.5 = 1;
00014d 9a5d      	SBI  0xB,5
                 ; 0000 0124             PORTD.6 = 1;
00014e 9a5e      	SBI  0xB,6
                 ; 0000 0125             PORTD.7 = 1;
                 _0xBA:
00014f 9a5f      	SBI  0xB,7
                 ; 0000 0126         break;
                 ; 0000 0127     }
                 _0x30:
                 ; 0000 0128 }
000150 940c 0254 	JMP  _0x2080001
                 ; .FEND
                 ;//----------------------------------------------------------------------
                 ;void Relay_TurnOff(uint8_t Number)
                 ; 0000 012B {
                 _Relay_TurnOff:
                 ; .FSTART _Relay_TurnOff
                 ; 0000 012C     switch(Number)
000152 940e 025d 	CALL SUBOPT_0x1
                 ;	Number -> Y+0
                 ; 0000 012D     {
                 ; 0000 012E         case Fan:
000154 f411      	BRNE _0x49
                 ; 0000 012F             PORTC.5 = 0;
000155 9845      	CBI  0x8,5
                 ; 0000 0130         break;
000156 c018      	RJMP _0x48
                 ; 0000 0131         case One:
                 _0x49:
000157 30e2      	CPI  R30,LOW(0x2)
000158 e0a0      	LDI  R26,HIGH(0x2)
000159 07fa      	CPC  R31,R26
00015a f411      	BRNE _0x4C
                 ; 0000 0132             PORTD.5 = 0;
00015b 985d      	CBI  0xB,5
                 ; 0000 0133         break;
00015c c012      	RJMP _0x48
                 ; 0000 0134         case Two:
                 _0x4C:
00015d 30e3      	CPI  R30,LOW(0x3)
00015e e0a0      	LDI  R26,HIGH(0x3)
00015f 07fa      	CPC  R31,R26
000160 f411      	BRNE _0x4F
                 ; 0000 0135             PORTD.6 = 0;
000161 985e      	CBI  0xB,6
                 ; 0000 0136         break;
000162 c00c      	RJMP _0x48
                 ; 0000 0137         case Three:
                 _0x4F:
000163 30e4      	CPI  R30,LOW(0x4)
000164 e0a0      	LDI  R26,HIGH(0x4)
000165 07fa      	CPC  R31,R26
000166 f039      	BREQ _0xBB
                 ; 0000 0138             PORTD.7 = 0;
                 ; 0000 0139         break;
                 ; 0000 013A         case All:
000167 30e5      	CPI  R30,LOW(0x5)
000168 e0a0      	LDI  R26,HIGH(0x5)
000169 07fa      	CPC  R31,R26
00016a f421      	BRNE _0x48
                 ; 0000 013B             PORTC.5 = 0;
00016b 9845      	CBI  0x8,5
                 ; 0000 013C             PORTD.5 = 0;
00016c 985d      	CBI  0xB,5
                 ; 0000 013D             PORTD.6 = 0;
00016d 985e      	CBI  0xB,6
                 ; 0000 013E             PORTD.7 = 0;
                 _0xBB:
00016e 985f      	CBI  0xB,7
                 ; 0000 013F         break;
                 ; 0000 0140     }
                 _0x48:
                 ; 0000 0141 }
00016f 940c 0254 	JMP  _0x2080001
                 ; .FEND
                 ;//----------------------------------------------------------------------
                 ;void Warning_On(void)
                 ; 0000 0144 {
                 _Warning_On:
                 ; .FSTART _Warning_On
                 ; 0000 0145     PORTC.4 = 1;
000171 9a44      	SBI  0x8,4
                 ; 0000 0146 }
000172 9508      	RET
                 ; .FEND
                 ;//----------------------------------------------------------------------
                 ;void Warning_Off(void)
                 ; 0000 0149 {
                 _Warning_Off:
                 ; .FSTART _Warning_Off
                 ; 0000 014A     PORTC.4 = 0;
000173 9844      	CBI  0x8,4
                 ; 0000 014B }
000174 9508      	RET
                 ; .FEND
                 ;//----------------------------------------------------------------------
                 ;void Display(uint16_t Number)
                 ; 0000 014E {
                 _Display:
                 ; .FSTART _Display
                 ; 0000 014F     Segment1 = (Number / 100) % 10;
000175 93ba      	ST   -Y,R27
000176 93aa      	ST   -Y,R26
                 ;	Number -> Y+0
000177 81a8      	LD   R26,Y
000178 81b9      	LDD  R27,Y+1
000179 e6e4      	LDI  R30,LOW(100)
00017a e0f0      	LDI  R31,HIGH(100)
00017b 940e 0264 	CALL SUBOPT_0x2
00017d 2e3e      	MOV  R3,R30
                 ; 0000 0150     Segment2 = (Number / 10) % 10;
00017e 81a8      	LD   R26,Y
00017f 81b9      	LDD  R27,Y+1
000180 e0ea      	LDI  R30,LOW(10)
000181 e0f0      	LDI  R31,HIGH(10)
000182 940e 0264 	CALL SUBOPT_0x2
000184 2e6e      	MOV  R6,R30
                 ; 0000 0151     Segment3 = (Number / 1) % 10;
000185 81a8      	LD   R26,Y
000186 81b9      	LDD  R27,Y+1
000187 e0ea      	LDI  R30,LOW(10)
000188 e0f0      	LDI  R31,HIGH(10)
000189 940e 02bc 	CALL __MODW21U
00018b 2e5e      	MOV  R5,R30
                 ; 0000 0152     if(Number == 100)
00018c 81a8      	LD   R26,Y
00018d 81b9      	LDD  R27,Y+1
00018e 36a4      	CPI  R26,LOW(0x64)
00018f e0e0      	LDI  R30,HIGH(0x64)
000190 07be      	CPC  R27,R30
000191 f419      	BRNE _0x62
                 ; 0000 0153     {
                 ; 0000 0154         Display_Configuration(Segment1, 1);
000192 940e 026c 	CALL SUBOPT_0x3
                 ; 0000 0155         delay_ms(5);
                 ; 0000 0156         Display_Configuration(Segment2, 2);
                 ; 0000 0157         delay_ms(5);
                 ; 0000 0158         Display_Configuration(Segment3, 3);
000194 c022      	RJMP _0xBC
                 ; 0000 0159         delay_ms(5);
                 ; 0000 015A     }
                 ; 0000 015B     else if(Number > 100 && Number < 999)
                 _0x62:
000195 81a8      	LD   R26,Y
000196 81b9      	LDD  R27,Y+1
000197 36a5      	CPI  R26,LOW(0x65)
000198 e0e0      	LDI  R30,HIGH(0x65)
000199 07be      	CPC  R27,R30
00019a f020      	BRLO _0x65
00019b 3ea7      	CPI  R26,LOW(0x3E7)
00019c e0e3      	LDI  R30,HIGH(0x3E7)
00019d 07be      	CPC  R27,R30
00019e f008      	BRLO _0x66
                 _0x65:
00019f c003      	RJMP _0x64
                 _0x66:
                 ; 0000 015C     {
                 ; 0000 015D         Display_Configuration(Segment1, 1);
0001a0 940e 026c 	CALL SUBOPT_0x3
                 ; 0000 015E         delay_ms(5);
                 ; 0000 015F         Display_Configuration(Segment2, 2);
                 ; 0000 0160         delay_ms(5);
                 ; 0000 0161         Display_Configuration(Segment3, 3);
0001a2 c014      	RJMP _0xBC
                 ; 0000 0162         delay_ms(5);
                 ; 0000 0163     }
                 ; 0000 0164     else if(Number >= 10 && Number < 100)
                 _0x64:
0001a3 81a8      	LD   R26,Y
0001a4 81b9      	LDD  R27,Y+1
0001a5 971a      	SBIW R26,10
0001a6 f030      	BRLO _0x69
0001a7 81a8      	LD   R26,Y
0001a8 81b9      	LDD  R27,Y+1
0001a9 36a4      	CPI  R26,LOW(0x64)
0001aa e0e0      	LDI  R30,HIGH(0x64)
0001ab 07be      	CPC  R27,R30
0001ac f008      	BRLO _0x6A
                 _0x69:
0001ad c005      	RJMP _0x68
                 _0x6A:
                 ; 0000 0165     {
                 ; 0000 0166         Display_Configuration(Segment2, 2);
0001ae 926a      	ST   -Y,R6
0001af e0a2      	LDI  R26,LOW(2)
0001b0 940e 027c 	CALL SUBOPT_0x4
                 ; 0000 0167         delay_ms(5);
                 ; 0000 0168         Display_Configuration(Segment3, 3);
0001b2 c004      	RJMP _0xBC
                 ; 0000 0169         delay_ms(5);
                 ; 0000 016A     }
                 ; 0000 016B     else if(Number < 10)
                 _0x68:
0001b3 81a8      	LD   R26,Y
0001b4 81b9      	LDD  R27,Y+1
0001b5 971a      	SBIW R26,10
0001b6 f420      	BRSH _0x6C
                 ; 0000 016C     {
                 ; 0000 016D         Display_Configuration(Segment3, 3);
                 _0xBC:
0001b7 925a      	ST   -Y,R5
0001b8 e0a3      	LDI  R26,LOW(3)
0001b9 940e 027c 	CALL SUBOPT_0x4
                 ; 0000 016E         delay_ms(5);
                 ; 0000 016F     }
                 ; 0000 0170 }
                 _0x6C:
0001bb c01f      	RJMP _0x2080002
                 ; .FEND
                 ;//----------------------------------------------------------------------
                 ;void Display_Configuration(uint8_t Number, uint8_t Place)
                 ; 0000 0173 {
                 _Display_Configuration:
                 ; .FSTART _Display_Configuration
                 ; 0000 0174     switch(Place)
0001bc 940e 025d 	CALL SUBOPT_0x1
                 ;	Number -> Y+1
                 ;	Place -> Y+0
                 ; 0000 0175     {
                 ; 0000 0176         case 1:
0001be f421      	BRNE _0x70
                 ; 0000 0177             PORTB.0 = 0;
0001bf 9828      	CBI  0x5,0
                 ; 0000 0178             PORTB.1 = 1;
0001c0 9a29      	SBI  0x5,1
                 ; 0000 0179             PORTB.2 = 1;
0001c1 9a2a      	SBI  0x5,2
                 ; 0000 017A             spi(SegNum[Number]);
0001c2 c00f      	RJMP _0xBD
                 ; 0000 017B             PORTC.3 = 1;
                 ; 0000 017C             PORTC.3 = 0;
                 ; 0000 017D         break;
                 ; 0000 017E         case 2:
                 _0x70:
0001c3 30e2      	CPI  R30,LOW(0x2)
0001c4 e0a0      	LDI  R26,HIGH(0x2)
0001c5 07fa      	CPC  R31,R26
0001c6 f421      	BRNE _0x7B
                 ; 0000 017F             PORTB.0 = 1;
0001c7 9a28      	SBI  0x5,0
                 ; 0000 0180             PORTB.1 = 0;
0001c8 9829      	CBI  0x5,1
                 ; 0000 0181             PORTB.2 = 1;
0001c9 9a2a      	SBI  0x5,2
                 ; 0000 0182             spi(SegNum[Number]);
0001ca c007      	RJMP _0xBD
                 ; 0000 0183             PORTC.3 = 1;
                 ; 0000 0184             PORTC.3 = 0;
                 ; 0000 0185         break;
                 ; 0000 0186         case 3:
                 _0x7B:
0001cb 30e3      	CPI  R30,LOW(0x3)
0001cc e0a0      	LDI  R26,HIGH(0x3)
0001cd 07fa      	CPC  R31,R26
0001ce f461      	BRNE _0x6F
                 ; 0000 0187             PORTB.0 = 1;
0001cf 9a28      	SBI  0x5,0
                 ; 0000 0188             PORTB.1 = 1;
0001d0 9a29      	SBI  0x5,1
                 ; 0000 0189             PORTB.2 = 0;
0001d1 982a      	CBI  0x5,2
                 ; 0000 018A             spi(SegNum[Number]);
                 _0xBD:
0001d2 81e9      	LDD  R30,Y+1
0001d3 e0f0      	LDI  R31,0
0001d4 50e0      	SUBI R30,LOW(-_SegNum)
0001d5 4ffd      	SBCI R31,HIGH(-_SegNum)
0001d6 81a0      	LD   R26,Z
0001d7 940e 024d 	CALL _spi
                 ; 0000 018B             PORTC.3 = 1;
0001d9 9a43      	SBI  0x8,3
                 ; 0000 018C             PORTC.3 = 0;
0001da 9843      	CBI  0x8,3
                 ; 0000 018D         break;
                 ; 0000 018E     }
                 _0x6F:
                 ; 0000 018F }
                 _0x2080002:
0001db 9622      	ADIW R28,2
0001dc 9508      	RET
                 ; .FEND
                 ;//----------------------------------------------------------------------
                 ;void Keys_Update(void)
                 ; 0000 0192 {
                 _Keys_Update:
                 ; .FSTART _Keys_Update
                 ; 0000 0193     if(PIND.4 == 0)    //Off_Btn
0001dd 994c      	SBIC 0x9,4
0001de c002      	RJMP _0x91
                 ; 0000 0194         Initial();
0001df d055      	RCALL _Initial
                 ; 0000 0195     else if(PIND.0 == 0)    //Up_Btn
0001e0 c013      	RJMP _0x92
                 _0x91:
0001e1 9948      	SBIC 0x9,0
0001e2 c005      	RJMP _0x93
                 ; 0000 0196     {
                 ; 0000 0197         TempTarget += 2;
0001e3 94e3      	INC  R14
0001e4 94e3      	INC  R14
                 ; 0000 0198         delay_ms(1500);
0001e5 940e 0282 	CALL SUBOPT_0x5
                 ; 0000 0199     }
                 ; 0000 019A     else if(PIND.1 == 0)    //Down_Btn
0001e7 c00c      	RJMP _0x94
                 _0x93:
0001e8 9949      	SBIC 0x9,1
0001e9 c005      	RJMP _0x95
                 ; 0000 019B     {
                 ; 0000 019C         TempTarget -= 2;
0001ea 94ea      	DEC  R14
0001eb 94ea      	DEC  R14
                 ; 0000 019D         delay_ms(1500);
0001ec 940e 0282 	CALL SUBOPT_0x5
                 ; 0000 019E     }
                 ; 0000 019F     else if(PIND.2 == 0)    //Set_Btn
0001ee c005      	RJMP _0x96
                 _0x95:
0001ef 994a      	SBIC 0x9,2
0001f0 c003      	RJMP _0x97
                 ; 0000 01A0     {
                 ; 0000 01A1         delay_ms(1500);
0001f1 940e 0282 	CALL SUBOPT_0x5
                 ; 0000 01A2         TempSetTarget = TempTarget;
0001f3 2cde      	MOV  R13,R14
                 ; 0000 01A3     }
                 ; 0000 01A4 }
                 _0x97:
                 _0x96:
                 _0x94:
                 _0x92:
0001f4 9508      	RET
                 ; .FEND
                 ;//----------------------------------------------------------------------
                 ;void WindSensor_Update(void)
                 ; 0000 01A7 {
                 _WindSensor_Update:
                 ; .FSTART _WindSensor_Update
                 ; 0000 01A8     if(PINC.1 == 0)    //Wind_Off
0001f5 9931      	SBIC 0x6,1
0001f6 c004      	RJMP _0x98
                 ; 0000 01A9     {
                 ; 0000 01AA         Warning_On();
0001f7 df79      	RCALL _Warning_On
                 ; 0000 01AB         Relay_TurnOn(All);
0001f8 e0a5      	LDI  R26,LOW(5)
0001f9 df39      	RCALL _Relay_TurnOn
                 ; 0000 01AC     }
                 ; 0000 01AD     else
0001fa c001      	RJMP _0x99
                 _0x98:
                 ; 0000 01AE     {
                 ; 0000 01AF         Warning_Off();
0001fb df77      	RCALL _Warning_Off
                 ; 0000 01B0     }
                 _0x99:
                 ; 0000 01B1 }
0001fc 9508      	RET
                 ; .FEND
                 ;//----------------------------------------------------------------------
                 ;void LimitSensor_Update(void)
                 ; 0000 01B4 {
                 _LimitSensor_Update:
                 ; .FSTART _LimitSensor_Update
                 ; 0000 01B5     if(PINC.2 == 0)    //Limit_Off
0001fd 9932      	SBIC 0x6,2
0001fe c00e      	RJMP _0x9A
                 ; 0000 01B6     {
                 ; 0000 01B7         Warning_On();
0001ff df71      	RCALL _Warning_On
                 ; 0000 01B8         Relay_TurnOff(One);
000200 e0a2      	LDI  R26,LOW(2)
000201 df50      	RCALL _Relay_TurnOff
                 ; 0000 01B9         Relay_TurnOff(Two);
000202 e0a3      	LDI  R26,LOW(3)
000203 df4e      	RCALL _Relay_TurnOff
                 ; 0000 01BA         Relay_TurnOff(Three);
000204 e0a4      	LDI  R26,LOW(4)
000205 df4c      	RCALL _Relay_TurnOff
                 ; 0000 01BB         delay_ms(3000);
000206 eba8      	LDI  R26,LOW(3000)
000207 e0bb      	LDI  R27,HIGH(3000)
000208 940e 028e 	CALL _delay_ms
                 ; 0000 01BC         Relay_TurnOff(Fan);
00020a e0a1      	LDI  R26,LOW(1)
00020b df46      	RCALL _Relay_TurnOff
                 ; 0000 01BD     }
                 ; 0000 01BE     else
00020c c001      	RJMP _0x9B
                 _0x9A:
                 ; 0000 01BF     {
                 ; 0000 01C0         Warning_Off();
00020d df65      	RCALL _Warning_Off
                 ; 0000 01C1     }
                 _0x9B:
                 ; 0000 01C2 }
00020e 9508      	RET
                 ; .FEND
                 ;//----------------------------------------------------------------------
                 ;uint8_t TempSensor_Update(void)
                 ; 0000 01C5 {
                 _TempSensor_Update:
                 ; .FSTART _TempSensor_Update
                 ; 0000 01C6     RawAdc = read_adc(0);
00020f 940e 0286 	CALL SUBOPT_0x6
                 ; 0000 01C7     if(RawAdc == 470)
000211 15e7      	CP   R30,R7
000212 05f8      	CPC  R31,R8
000213 f411      	BRNE _0x9C
                 ; 0000 01C8         return 25;
000214 e1e9      	LDI  R30,LOW(25)
000215 9508      	RET
                 ; 0000 01C9     else
                 _0x9C:
                 ; 0000 01CA     {
                 ; 0000 01CB         for(Count = 0; Count < 10; Count++)
000216 24aa      	CLR  R10
                 _0x9F:
000217 e0ea      	LDI  R30,LOW(10)
000218 16ae      	CP   R10,R30
000219 f488      	BRSH _0xA0
                 ; 0000 01CC         {
                 ; 0000 01CD             RawAdc = read_adc(0);
00021a 940e 0286 	CALL SUBOPT_0x6
                 ; 0000 01CE             RawAdc -= 470;
                +
00021c 1a7e     +SUB R7 , R30
00021d 0a8f     +SBC R8 , R31
                 	__SUBWRR 7,8,30,31
                 ; 0000 01CF             RawAdc = (RawAdc * -1) + 25;
                +
00021e 2de7     +MOV R30 , R7
00021f 2df8     +MOV R31 , R8
                 	__GETW1R 7,8
000220 efaf      	LDI  R26,LOW(65535)
000221 efbf      	LDI  R27,HIGH(65535)
000222 940e 02a4 	CALL __MULW12
000224 9679      	ADIW R30,25
                +
000225 2e7e     +MOV R7 , R30
000226 2e8f     +MOV R8 , R31
                 	__PUTW1R 7,8
                 ; 0000 01D0             TempAvg += RawAdc;
                +
000227 0cb7     +ADD R11 , R7
000228 1cc8     +ADC R12 , R8
                 	__ADDWRR 11,12,7,8
                 ; 0000 01D1         }
000229 94a3      	INC  R10
00022a cfec      	RJMP _0x9F
                 _0xA0:
                 ; 0000 01D2         TempAvg = TempAvg / 10;
                +
00022b 2dab     +MOV R26 , R11
00022c 2dbc     +MOV R27 , R12
                 	__GETW2R 11,12
00022d e0ea      	LDI  R30,LOW(10)
00022e e0f0      	LDI  R31,HIGH(10)
00022f 940e 02a9 	CALL __DIVW21U
                +
000231 2ebe     +MOV R11 , R30
000232 2ecf     +MOV R12 , R31
                 	__PUTW1R 11,12
                 ; 0000 01D3         return TempAvg;
000233 9508      	RET
                 ; 0000 01D4     }
                 ; 0000 01D5 }
000234 9508      	RET
                 ; .FEND
                 ;//----------------------------------------------------------------------
                 ;void Initial(void)
                 ; 0000 01D8 {
                 _Initial:
                 ; .FSTART _Initial
                 ; 0000 01D9     PORTB.0 = 1;
000235 9a28      	SBI  0x5,0
                 ; 0000 01DA     PORTB.1 = 0;
000236 9829      	CBI  0x5,1
                 ; 0000 01DB     PORTB.2 = 1;
000237 9a2a      	SBI  0x5,2
                 ; 0000 01DC     spi(SegDot);
000238 2da4      	MOV  R26,R4
000239 940e 024d 	CALL _spi
                 ; 0000 01DD     PORTC.3 = 1;
00023b 9a43      	SBI  0x8,3
                 ; 0000 01DE     PORTC.3 = 0;
00023c 9843      	CBI  0x8,3
                 ; 0000 01DF     delay_ms(5);
00023d e0a5      	LDI  R26,LOW(5)
00023e e0b0      	LDI  R27,0
00023f 940e 028e 	CALL _delay_ms
                 ; 0000 01E0     PORTC.5 = 0;
000241 9845      	CBI  0x8,5
                 ; 0000 01E1     PORTD.5 = 0;
000242 985d      	CBI  0xB,5
                 ; 0000 01E2     PORTD.6 = 0;
000243 985e      	CBI  0xB,6
                 ; 0000 01E3     PORTD.7 = 0;
000244 985f      	CBI  0xB,7
                 ; 0000 01E4     while(PIND.3 == 1);
                 _0xB3:
000245 994b      	SBIC 0x9,3
000246 cffe      	RJMP _0xB3
                 ; 0000 01E5     PORTC.5 = 1;
000247 9a45      	SBI  0x8,5
                 ; 0000 01E6     delay_ms(2000);
000248 eda0      	LDI  R26,LOW(2000)
000249 e0b7      	LDI  R27,HIGH(2000)
00024a 940e 028e 	CALL _delay_ms
                 ; 0000 01E7 }
00024c 9508      	RET
                 ; .FEND
                 ;//----------------------------------------------------------------------
                 ;
                 	#ifndef __SLEEP_DEFINED__
                 	#endif
                 
                 	.CSEG
                 	#ifndef __SLEEP_DEFINED__
                 	#endif
                 
                 	.CSEG
                 _spi:
                 ; .FSTART _spi
00024d 93aa      	ST   -Y,R26
00024e 81e8      	LD   R30,Y
00024f bdee      	OUT  0x2E,R30
                 _0x2020003:
000250 b5ed      	IN   R30,0x2D
000251 ffe7      	SBRS R30,7
000252 cffd      	RJMP _0x2020003
000253 b5ee      	IN   R30,0x2E
                 _0x2080001:
000254 9621      	ADIW R28,1
000255 9508      	RET
                 ; .FEND
                 
                 	.CSEG
                 
                 	.CSEG
                 
                 	.DSEG
                 _SegNum:
000300           	.BYTE 0xA
                 
                 	.CSEG
                 ;OPTIMIZER ADDED SUBROUTINE, CALLED 5 TIMES, CODE SIZE REDUCTION:13 WORDS
                 SUBOPT_0x0:
000256 2dad      	MOV  R26,R13
000257 27bb      	CLR  R27
000258 2de9      	MOV  R30,R9
000259 e0f0      	LDI  R31,0
00025a 1bae      	SUB  R26,R30
00025b 0bbf      	SBC  R27,R31
00025c 9508      	RET
                 
                 ;OPTIMIZER ADDED SUBROUTINE, CALLED 3 TIMES, CODE SIZE REDUCTION:5 WORDS
                 SUBOPT_0x1:
00025d 93aa      	ST   -Y,R26
00025e 81e8      	LD   R30,Y
00025f e0f0      	LDI  R31,0
000260 30e1      	CPI  R30,LOW(0x1)
000261 e0a0      	LDI  R26,HIGH(0x1)
000262 07fa      	CPC  R31,R26
000263 9508      	RET
                 
                 ;OPTIMIZER ADDED SUBROUTINE, CALLED 2 TIMES, CODE SIZE REDUCTION:2 WORDS
                 SUBOPT_0x2:
000264 940e 02a9 	CALL __DIVW21U
000266 01df      	MOVW R26,R30
000267 e0ea      	LDI  R30,LOW(10)
000268 e0f0      	LDI  R31,HIGH(10)
000269 940e 02bc 	CALL __MODW21U
00026b 9508      	RET
                 
                 ;OPTIMIZER ADDED SUBROUTINE, CALLED 2 TIMES, CODE SIZE REDUCTION:11 WORDS
                 SUBOPT_0x3:
00026c 923a      	ST   -Y,R3
00026d e0a1      	LDI  R26,LOW(1)
00026e 940e 01bc 	CALL _Display_Configuration
000270 e0a5      	LDI  R26,LOW(5)
000271 e0b0      	LDI  R27,0
000272 940e 028e 	CALL _delay_ms
000274 926a      	ST   -Y,R6
000275 e0a2      	LDI  R26,LOW(2)
000276 940e 01bc 	CALL _Display_Configuration
000278 e0a5      	LDI  R26,LOW(5)
000279 e0b0      	LDI  R27,0
00027a 940c 028e 	JMP  _delay_ms
                 
                 ;OPTIMIZER ADDED SUBROUTINE, CALLED 2 TIMES, CODE SIZE REDUCTION:1 WORDS
                 SUBOPT_0x4:
00027c 940e 01bc 	CALL _Display_Configuration
00027e e0a5      	LDI  R26,LOW(5)
00027f e0b0      	LDI  R27,0
000280 940c 028e 	JMP  _delay_ms
                 
                 ;OPTIMIZER ADDED SUBROUTINE, CALLED 3 TIMES, CODE SIZE REDUCTION:1 WORDS
                 SUBOPT_0x5:
000282 edac      	LDI  R26,LOW(1500)
000283 e0b5      	LDI  R27,HIGH(1500)
000284 940c 028e 	JMP  _delay_ms
                 
                 ;OPTIMIZER ADDED SUBROUTINE, CALLED 2 TIMES, CODE SIZE REDUCTION:2 WORDS
                 SUBOPT_0x6:
000286 e0a0      	LDI  R26,LOW(0)
000287 940e 007e 	CALL _read_adc
                +
000289 2e7e     +MOV R7 , R30
00028a 2e8f     +MOV R8 , R31
                 	__PUTW1R 7,8
00028b ede6      	LDI  R30,LOW(470)
00028c e0f1      	LDI  R31,HIGH(470)
00028d 9508      	RET
                 
                 
                 	.CSEG
                 _delay_ms:
00028e 9610      	adiw r26,0
00028f f039      	breq __delay_ms1
                 __delay_ms0:
                +
000290 ef8a     +LDI R24 , LOW ( 0xFA )
000291 e090     +LDI R25 , HIGH ( 0xFA )
                +__DELAY_USW_LOOP :
000292 9701     +SBIW R24 , 1
000293 f7f1     +BRNE __DELAY_USW_LOOP
                 	__DELAY_USW 0xFA
000294 95a8      	wdr
000295 9711      	sbiw r26,1
000296 f7c9      	brne __delay_ms0
                 __delay_ms1:
000297 9508      	ret
                 
                 __ANEGW1:
000298 95f1      	NEG  R31
000299 95e1      	NEG  R30
00029a 40f0      	SBCI R31,0
00029b 9508      	RET
                 
                 __MULW12U:
00029c 9ffa      	MUL  R31,R26
00029d 2df0      	MOV  R31,R0
00029e 9feb      	MUL  R30,R27
00029f 0df0      	ADD  R31,R0
0002a0 9fea      	MUL  R30,R26
0002a1 2de0      	MOV  R30,R0
0002a2 0df1      	ADD  R31,R1
0002a3 9508      	RET
                 
                 __MULW12:
0002a4 d01a      	RCALL __CHKSIGNW
0002a5 dff6      	RCALL __MULW12U
0002a6 f40e      	BRTC __MULW121
0002a7 dff0      	RCALL __ANEGW1
                 __MULW121:
0002a8 9508      	RET
                 
                 __DIVW21U:
0002a9 2400      	CLR  R0
0002aa 2411      	CLR  R1
0002ab e190      	LDI  R25,16
                 __DIVW21U1:
0002ac 0faa      	LSL  R26
0002ad 1fbb      	ROL  R27
0002ae 1c00      	ROL  R0
0002af 1c11      	ROL  R1
0002b0 1a0e      	SUB  R0,R30
0002b1 0a1f      	SBC  R1,R31
0002b2 f418      	BRCC __DIVW21U2
0002b3 0e0e      	ADD  R0,R30
0002b4 1e1f      	ADC  R1,R31
0002b5 c001      	RJMP __DIVW21U3
                 __DIVW21U2:
0002b6 60a1      	SBR  R26,1
                 __DIVW21U3:
0002b7 959a      	DEC  R25
0002b8 f799      	BRNE __DIVW21U1
0002b9 01fd      	MOVW R30,R26
0002ba 01d0      	MOVW R26,R0
0002bb 9508      	RET
                 
                 __MODW21U:
0002bc dfec      	RCALL __DIVW21U
0002bd 01fd      	MOVW R30,R26
0002be 9508      	RET
                 
                 __CHKSIGNW:
0002bf 94e8      	CLT
0002c0 fff7      	SBRS R31,7
0002c1 c002      	RJMP __CHKSW1
0002c2 dfd5      	RCALL __ANEGW1
0002c3 9468      	SET
                 __CHKSW1:
0002c4 ffb7      	SBRS R27,7
0002c5 c006      	RJMP __CHKSW2
0002c6 95a0      	COM  R26
0002c7 95b0      	COM  R27
0002c8 9611      	ADIW R26,1
0002c9 f800      	BLD  R0,0
0002ca 9403      	INC  R0
0002cb fa00      	BST  R0,0
                 __CHKSW2:
0002cc 9508      	RET
                 
                 __CPW02:
0002cd 2400      	CLR  R0
0002ce 160a      	CP   R0,R26
0002cf 060b      	CPC  R0,R27
0002d0 9508      	RET
                 
                 ;END OF CODE MARKER
                 __END_OF_CODE:


RESOURCE USE INFORMATION
------------------------

Notice:
The register and instruction counts are symbol table hit counts,
and hence implicitly used resources are not counted, eg, the
'lpm' instruction without operands implicitly uses r0 and z,
none of which are counted.

x,y,z are separate entities in the symbol table and are
counted separately from r26..r31 here.

.dseg memory usage only counts static data declared with .byte

ATmega328P register use summary:
r0 :  18 r1 :   6 r2 :   0 r3 :   2 r4 :   1 r5 :   2 r6 :   3 r7 :   6 
r8 :   6 r9 :   5 r10:   3 r11:   3 r12:   3 r13:   3 r14:   7 r15:   0 
r16:   0 r17:   0 r18:   0 r19:   0 r20:   0 r21:   0 r22:   2 r23:   0 
r24:  11 r25:   5 r26:  84 r27:  33 r28:   3 r29:   1 r30: 156 r31:  41 
x  :   3 y  :  29 z  :   8 
Registers used: 26 out of 35 (74.3%)

ATmega328P instruction use summary:
.lds  :   0 .lds.l:   0 .sts  :   0 .sts.l:   0 adc   :   2 add   :   4 
adiw  :   5 and   :   0 andi  :   1 asr   :   0 bclr  :   0 bld   :   1 
brbc  :   0 brbs  :   0 brcc  :   1 brcs  :   0 break :   0 breq  :   5 
brge  :   1 brhc  :   0 brhs  :   0 brid  :   0 brie  :   0 brlo  :   5 
brlt  :   4 brmi  :   0 brne  :  20 brpl  :   0 brsh  :   2 brtc  :   1 
brts  :   0 brvc  :   0 brvs  :   0 bset  :   0 bst   :   1 call  :  35 
cbi   :  21 cbr   :   0 clc   :   0 clh   :   0 cli   :   1 cln   :   0 
clr   :   8 cls   :   0 clt   :   1 clv   :   0 clz   :   0 com   :   2 
cp    :   3 cpc   :  17 cpi   :  16 cpse  :   0 dec   :   5 des   :   0 
eor   :   0 fmul  :   0 fmuls :   0 fmulsu:   0 icall :   0 ijmp  :   0 
in    :   4 inc   :   4 jmp   :  33 ld    :  12 ldd   :   9 ldi   :  95 
lds   :   5 lpm   :   7 lsl   :   1 lsr   :   0 mov   :  24 movw  :   7 
mul   :   3 muls  :   0 mulsu :   0 neg   :   2 nop   :   0 or    :   0 
ori   :   3 out   :  25 pop   :   0 push  :   0 rcall :  23 ret   :  24 
reti  :   0 rjmp  :  39 rol   :   3 ror   :   0 sbc   :   3 sbci  :   2 
sbi   :  25 sbic  :   7 sbis  :   0 sbiw  :  11 sbr   :   1 sbrc  :   0 
sbrs  :   3 sec   :   0 seh   :   0 sei   :   0 sen   :   0 ser   :   0 
ses   :   0 set   :   1 sev   :   0 sez   :   0 sleep :   0 spm   :   0 
st    :  12 std   :   0 sts   :  33 sub   :   3 subi  :   1 swap  :   0 
tst   :   0 wdr   :   1 
Instructions used: 56 out of 116 (48.3%)

ATmega328P memory use summary [bytes]:
Segment   Begin    End      Code   Data   Used    Size   Use%
---------------------------------------------------------------
[.cseg] 0x000000 0x0005a2   1388     54   1442   32768   4.4%
[.dseg] 0x000100 0x00030a      0     10     10    2048   0.5%
[.eseg] 0x000000 0x000000      0      0      0    1024   0.0%

Assembly complete, 0 errors, 13 warnings
